Component: ARM Compiler 5.06 update 6 (build 750) Tool: armlink [4d35ed]

==============================================================================

Section Cross References

    startup_stm32f411xe.o(STACK) refers (Special) to heapauxi.o(.text) for __use_two_region_memory
    startup_stm32f411xe.o(HEAP) refers (Special) to heapauxi.o(.text) for __use_two_region_memory
    startup_stm32f411xe.o(RESET) refers (Special) to heapauxi.o(.text) for __use_two_region_memory
    startup_stm32f411xe.o(RESET) refers to startup_stm32f411xe.o(STACK) for __initial_sp
    startup_stm32f411xe.o(RESET) refers to startup_stm32f411xe.o(.text) for Reset_Handler
    startup_stm32f411xe.o(RESET) refers to stm32f4xx_it.o(i.NMI_Handler) for NMI_Handler
    startup_stm32f411xe.o(RESET) refers to stm32f4xx_it.o(i.HardFault_Handler) for HardFault_Handler
    startup_stm32f411xe.o(RESET) refers to stm32f4xx_it.o(i.MemManage_Handler) for MemManage_Handler
    startup_stm32f411xe.o(RESET) refers to stm32f4xx_it.o(i.BusFault_Handler) for BusFault_Handler
    startup_stm32f411xe.o(RESET) refers to stm32f4xx_it.o(i.UsageFault_Handler) for UsageFault_Handler
    startup_stm32f411xe.o(RESET) refers to stm32f4xx_it.o(i.SVC_Handler) for SVC_Handler
    startup_stm32f411xe.o(RESET) refers to stm32f4xx_it.o(i.DebugMon_Handler) for DebugMon_Handler
    startup_stm32f411xe.o(RESET) refers to stm32f4xx_it.o(i.PendSV_Handler) for PendSV_Handler
    startup_stm32f411xe.o(RESET) refers to stm32f4xx_it.o(i.SysTick_Handler) for SysTick_Handler
    startup_stm32f411xe.o(RESET) refers to stm32f4xx_it.o(i.RCC_IRQHandler) for RCC_IRQHandler
    startup_stm32f411xe.o(RESET) refers to stm32f4xx_it.o(i.USART6_IRQHandler) for USART6_IRQHandler
    startup_stm32f411xe.o(.text) refers (Special) to heapauxi.o(.text) for __use_two_region_memory
    startup_stm32f411xe.o(.text) refers to system_stm32f4xx.o(i.SystemInit) for SystemInit
    startup_stm32f411xe.o(.text) refers to __main.o(!!!main) for __main
    startup_stm32f411xe.o(.text) refers to startup_stm32f411xe.o(HEAP) for Heap_Mem
    startup_stm32f411xe.o(.text) refers to startup_stm32f411xe.o(STACK) for Stack_Mem
    main.o(i.HAL_UART_RxCpltCallback) refers to uart.o(i.receive_data) for receive_data
    main.o(i.HAL_UART_RxCpltCallback) refers to stm32f4xx_hal_uart.o(i.HAL_UART_Receive_IT) for HAL_UART_Receive_IT
    main.o(i.HAL_UART_RxCpltCallback) refers to main.o(.bss) for .bss
    main.o(i.HAL_UART_RxCpltCallback) refers to main.o(.data) for .data
    main.o(i.MX_GPIO_Init) refers to rt_memclr_w.o(.text) for __aeabi_memclr4
    main.o(i.MX_GPIO_Init) refers to stm32f4xx_hal_gpio.o(i.HAL_GPIO_WritePin) for HAL_GPIO_WritePin
    main.o(i.MX_GPIO_Init) refers to stm32f4xx_hal_gpio.o(i.HAL_GPIO_Init) for HAL_GPIO_Init
    main.o(i.MX_USART6_UART_Init) refers to stm32f4xx_hal_uart.o(i.HAL_UART_Init) for HAL_UART_Init
    main.o(i.MX_USART6_UART_Init) refers to stm32f4xx_hal_uart.o(i.HAL_UART_Receive_IT) for HAL_UART_Receive_IT
    main.o(i.MX_USART6_UART_Init) refers to main.o(.bss) for .bss
    main.o(i.MX_USART6_UART_Init) refers to main.o(.data) for .data
    main.o(i.SystemClock_Config) refers to rt_memclr_w.o(.text) for __aeabi_memclr4
    main.o(i.SystemClock_Config) refers to stm32f4xx_hal_rcc.o(i.HAL_RCC_OscConfig) for HAL_RCC_OscConfig
    main.o(i.SystemClock_Config) refers to stm32f4xx_hal_rcc.o(i.HAL_RCC_ClockConfig) for HAL_RCC_ClockConfig
    main.o(i.main) refers to stm32f4xx_hal.o(i.HAL_Init) for HAL_Init
    main.o(i.main) refers to main.o(i.SystemClock_Config) for SystemClock_Config
    main.o(i.main) refers to main.o(i.MX_GPIO_Init) for MX_GPIO_Init
    main.o(i.main) refers to main.o(i.MX_USART6_UART_Init) for MX_USART6_UART_Init
    main.o(i.main) refers to rt_memcpy_w.o(.text) for __aeabi_memcpy4
    main.o(i.main) refers to response_ci.o(i.response_init) for response_init
    main.o(i.main) refers to uart.o(i.uart_handle) for uart_handle
    main.o(i.main) refers to main.o(.bss) for .bss
    stm32f4xx_it.o(i.SysTick_Handler) refers to stm32f4xx_hal.o(i.HAL_IncTick) for HAL_IncTick
    stm32f4xx_it.o(i.USART6_IRQHandler) refers to stm32f4xx_hal_uart.o(i.HAL_UART_IRQHandler) for HAL_UART_IRQHandler
    stm32f4xx_it.o(i.USART6_IRQHandler) refers to main.o(.bss) for huart6
    stm32f4xx_hal_msp.o(i.HAL_MspInit) refers to stm32f4xx_hal_cortex.o(i.HAL_NVIC_SetPriority) for HAL_NVIC_SetPriority
    stm32f4xx_hal_msp.o(i.HAL_MspInit) refers to stm32f4xx_hal_cortex.o(i.HAL_NVIC_EnableIRQ) for HAL_NVIC_EnableIRQ
    stm32f4xx_hal_msp.o(i.HAL_UART_MspDeInit) refers to stm32f4xx_hal_gpio.o(i.HAL_GPIO_DeInit) for HAL_GPIO_DeInit
    stm32f4xx_hal_msp.o(i.HAL_UART_MspDeInit) refers to stm32f4xx_hal_cortex.o(i.HAL_NVIC_DisableIRQ) for HAL_NVIC_DisableIRQ
    stm32f4xx_hal_msp.o(i.HAL_UART_MspInit) refers to rt_memclr_w.o(.text) for __aeabi_memclr4
    stm32f4xx_hal_msp.o(i.HAL_UART_MspInit) refers to stm32f4xx_hal_gpio.o(i.HAL_GPIO_Init) for HAL_GPIO_Init
[...]
    .ARM.Collect$$rtentry$$0000000D          0x080002ce   Section        8  __rtentry2.o(.ARM.Collect$$rtentry$$0000000D)
    .ARM.Collect$$rtexit$$00000000           0x080002d6   Section        2  rtexit.o(.ARM.Collect$$rtexit$$00000000)
    .ARM.Collect$$rtexit$$00000002           0x080002d8   Section        0  rtexit2.o(.ARM.Collect$$rtexit$$00000002)
    .ARM.Collect$$rtexit$$00000003           0x080002d8   Section        4  rtexit2.o(.ARM.Collect$$rtexit$$00000003)
    .ARM.Collect$$rtexit$$00000004           0x080002dc   Section        6  rtexit2.o(.ARM.Collect$$rtexit$$00000004)
    .text                                    0x080002e4   Section       64  startup_stm32f411xe.o(.text)
    $v0                                      0x080002e4   Number         0  startup_stm32f411xe.o(.text)
    .text                                    0x08000324   Section      238  lludivv7m.o(.text)
    .text                                    0x08000414   Section        0  vsprintf.o(.text)
    .text                                    0x08000438   Section        0  atoi.o(.text)
    .text                                    0x08000454   Section        0  strtok.o(.text)
    .text                                    0x08000460   Section        0  strlen.o(.text)
    .text                                    0x0800049e   Section      100  rt_memcpy_w.o(.text)
    .text                                    0x08000502   Section       78  rt_memclr_w.o(.text)
    .text                                    0x08000550   Section      128  strcmpv7m.o(.text)
    .text                                    0x080005d0   Section        0  heapauxi.o(.text)
    .text                                    0x080005d8   Section        8  rt_errno_addr_intlibspace.o(.text)
    .text                                    0x080005e0   Section        0  _printf_pad.o(.text)
    .text                                    0x0800062e   Section        0  _printf_truncate.o(.text)
    .text                                    0x08000652   Section        0  _printf_str.o(.text)
    .text                                    0x080006a4   Section        0  _printf_dec.o(.text)
    .text                                    0x0800071c   Section        0  _printf_charcount.o(.text)
    .text                                    0x08000744   Section        0  _printf_char_common.o(.text)
    _printf_input_char                       0x08000745   Thumb Code    10  _printf_char_common.o(.text)
    .text                                    0x08000774   Section        0  _sputc.o(.text)
    .text                                    0x08000780   Section        0  _printf_wctomb.o(.text)
    .text                                    0x0800083c   Section        0  _printf_longlong_dec.o(.text)
    .text                                    0x080008b8   Section        0  _printf_oct_int_ll.o(.text)
    _printf_longlong_oct_internal            0x080008b9   Thumb Code     0  _printf_oct_int_ll.o(.text)
    .text                                    0x08000928   Section        0  _printf_hex_int_ll_ptr.o(.text)
    _printf_hex_common                       0x08000929   Thumb Code     0  _printf_hex_int_ll_ptr.o(.text)
    .text                                    0x080009bc   Section        0  __printf_flags_ss_wp.o(.text)
    .text                                    0x08000b44   Section        0  strtol.o(.text)
    .text                                    0x08000bb4   Section        0  strtok_int.o(.text)
    .text                                    0x08000bf8   Section        8  libspace.o(.text)
    .text                                    0x08000c00   Section       16  rt_ctype_table.o(.text)
    .text                                    0x08000c10   Section      138  lludiv10.o(.text)
    .text                                    0x08000c9a   Section        0  _printf_intcommon.o(.text)
    .text                                    0x08000d4c   Section        0  _printf_fp_dec.o(.text)
    _fp_digits                               0x08000d4f   Thumb Code   432  _printf_fp_dec.o(.text)
    .text                                    0x0800116c   Section        0  _printf_fp_hex.o(.text)
    .text                                    0x08001468   Section        0  _printf_char.o(.text)
    .text                                    0x08001494   Section        0  _printf_wchar.o(.text)
    .text                                    0x080014c0   Section        0  _strtoul.o(.text)
    .text                                    0x0800155e   Section        0  _wcrtomb.o(.text)
    .text                                    0x0800159e   Section        0  strcspn.o(.text)
    .text                                    0x080015be   Section        0  strspn.o(.text)
    .text                                    0x080015da   Section       74  sys_stackheap_outer.o(.text)
    .text                                    0x08001624   Section        8  rt_locale_intlibspace.o(.text)
    .text                                    0x0800162c   Section        0  _printf_fp_infnan.o(.text)
    .text                                    0x080016ac   Section        0  _chval.o(.text)
    .text                                    0x080016c8   Section        0  bigflt0.o(.text)
    .text                                    0x080017ac   Section        0  exit.o(.text)
    .text                                    0x080017c0   Section        0  sys_exit.o(.text)
    .text                                    0x080017cc   Section        2  use_no_semi.o(.text)
    .text                                    0x080017ce   Section        0  indicate_semi.o(.text)
    CL$$btod_d2e                             0x080017ce   Section       62  btod.o(CL$$btod_d2e)
    CL$$btod_d2e_denorm_low                  0x0800180c   Section       70  btod.o(CL$$btod_d2e_denorm_low)
    CL$$btod_d2e_norm_op1                    0x08001852   Section       96  btod.o(CL$$btod_d2e_norm_op1)
    CL$$btod_div_common                      0x080018b2   Section      824  btod.o(CL$$btod_div_common)
    CL$$btod_e2e                             0x08001bea   Section      220  btod.o(CL$$btod_e2e)
    CL$$btod_ediv                            0x08001cc6   Section       42  btod.o(CL$$btod_ediv)
    CL$$btod_emul                            0x08001cf0   Section       42  btod.o(CL$$btod_emul)
    CL$$btod_mult_common                     0x08001d1a   Section      580  btod.o(CL$$btod_mult_common)
    i.BME_getTemperature                     0x08001f60   Section        0  bme.o(i.BME_getTemperature)
    i.BusFault_Handler                       0x08001f84   Section        0  stm32f4xx_it.o(i.BusFault_Handler)
    i.DebugMon_Handler                       0x08001f86   Section        0  stm32f4xx_it.o(i.DebugMon_Handler)
    i.HAL_DMA_Abort                          0x08001f88   Section        0  stm32f4xx_hal_dma.o(i.HAL_DMA_Abort)
    i.HAL_DMA_Abort_IT                       0x0800201a   Section        0  stm32f4xx_hal_dma.o(i.HAL_DMA_Abort_IT)
    i.HAL_GPIO_Init                          0x08002040   Section        0  stm32f4xx_hal_gpio.o(i.HAL_GPIO_Init)
    i.HAL_GPIO_WritePin                      0x08002220   Section        0  stm32f4xx_hal_gpio.o(i.HAL_GPIO_WritePin)
    i.HAL_GetTick                            0x0800222c   Section        0  stm32f4xx_hal.o(i.HAL_GetTick)
    i.HAL_IncTick                            0x08002238   Section        0  stm32f4xx_hal.o(i.HAL_IncTick)
    i.HAL_Init                               0x08002248   Section        0  stm32f4xx_hal.o(i.HAL_Init)
    i.HAL_InitTick                           0x0800227c   Section        0  stm32f4xx_hal.o(i.HAL_InitTick)
    i.HAL_MspInit                            0x080022bc   Section        0  stm32f4xx_hal_msp.o(i.HAL_MspInit)
    i.HAL_NVIC_EnableIRQ                     0x080022fc   Section        0  stm32f4xx_hal_cortex.o(i.HAL_NVIC_EnableIRQ)
    i.HAL_NVIC_SetPriority                   0x08002318   Section        0  stm32f4xx_hal_cortex.o(i.HAL_NVIC_SetPriority)
    i.HAL_NVIC_SetPriorityGrouping           0x08002358   Section        0  stm32f4xx_hal_cortex.o(i.HAL_NVIC_SetPriorityGrouping)
    i.HAL_RCC_ClockConfig                    0x0800237c   Section        0  stm32f4xx_hal_rcc.o(i.HAL_RCC_ClockConfig)
    i.HAL_RCC_GetPCLK1Freq                   0x080024b0   Section        0  stm32f4xx_hal_rcc.o(i.HAL_RCC_GetPCLK1Freq)
    i.HAL_RCC_GetPCLK2Freq                   0x080024d0   Section        0  stm32f4xx_hal_rcc.o(i.HAL_RCC_GetPCLK2Freq)
    i.HAL_RCC_GetSysClockFreq                0x080024f0   Section        0  stm32f4xx_hal_rcc.o(i.HAL_RCC_GetSysClockFreq)
    i.HAL_RCC_OscConfig                      0x08002550   Section        0  stm32f4xx_hal_rcc.o(i.HAL_RCC_OscConfig)
    i.HAL_SYSTICK_Config                     0x080028bc   Section        0  stm32f4xx_hal_cortex.o(i.HAL_SYSTICK_Config)
    i.HAL_UARTEx_RxEventCallback             0x080028e4   Section        0  stm32f4xx_hal_uart.o(i.HAL_UARTEx_RxEventCallback)
    i.HAL_UART_ErrorCallback                 0x080028e6   Section        0  stm32f4xx_hal_uart.o(i.HAL_UART_ErrorCallback)
    i.HAL_UART_IRQHandler                    0x080028e8   Section        0  stm32f4xx_hal_uart.o(i.HAL_UART_IRQHandler)
    i.HAL_UART_Init                          0x08002b50   Section        0  stm32f4xx_hal_uart.o(i.HAL_UART_Init)
    i.HAL_UART_MspInit                       0x08002bb4   Section        0  stm32f4xx_hal_msp.o(i.HAL_UART_MspInit)
    i.HAL_UART_Receive_IT                    0x08002c2c   Section        0  stm32f4xx_hal_uart.o(i.HAL_UART_Receive_IT)
    i.HAL_UART_RxCpltCallback                0x08002c58   Section        0  main.o(i.HAL_UART_RxCpltCallback)
    i.HAL_UART_Transmit                      0x08002c84   Section        0  stm32f4xx_hal_uart.o(i.HAL_UART_Transmit)
    i.HAL_UART_TxCpltCallback                0x08002d36   Section        0  stm32f4xx_hal_uart.o(i.HAL_UART_TxCpltCallback)
    i.HardFault_Handler                      0x08002d38   Section        0  stm32f4xx_it.o(i.HardFault_Handler)
    i.MX_GPIO_Init                           0x08002d3c   Section        0  main.o(i.MX_GPIO_Init)
    MX_GPIO_Init                             0x08002d3d   Thumb Code   118  main.o(i.MX_GPIO_Init)
    i.MX_USART6_UART_Init                    0x08002dbc   Section        0  main.o(i.MX_USART6_UART_Init)
    MX_USART6_UART_Init                      0x08002dbd   Thumb Code    54  main.o(i.MX_USART6_UART_Init)
    i.MemManage_Handler                      0x08002e00   Section        0  stm32f4xx_it.o(i.MemManage_Handler)
    i.NMI_Handler                            0x08002e02   Section        0  stm32f4xx_it.o(i.NMI_Handler)
    i.PendSV_Handler                         0x08002e04   Section        0  stm32f4xx_it.o(i.PendSV_Handler)
    i.RCC_IRQHandler                         0x08002e06   Section        0  stm32f4xx_it.o(i.RCC_IRQHandler)
    i.SVC_Handler                            0x08002e08   Section        0  stm32f4xx_it.o(i.SVC_Handler)
    i.SysTick_Handler                        0x08002e0a   Section        0  stm32f4xx_it.o(i.SysTick_Handler)
    i.SystemClock_Config                     0x08002e10   Section        0  main.o(i.SystemClock_Config)
    i.SystemInit                             0x08002ea0   Section        0  system_stm32f4xx.o(i.SystemInit)
    i.UART_DMAAbortOnError                   0x08002eb0   Section        0  stm32f4xx_hal_uart.o(i.UART_DMAAbortOnError)
    UART_DMAAbortOnError                     0x08002eb1   Thumb Code    16  stm32f4xx_hal_uart.o(i.UART_DMAAbortOnError)
    i.UART_EndRxTransfer                     0x08002ec0   Section        0  stm32f4xx_hal_uart.o(i.UART_EndRxTransfer)
    UART_EndRxTransfer                       0x08002ec1   Thumb Code    78  stm32f4xx_hal_uart.o(i.UART_EndRxTransfer)
    i.UART_Receive_IT                        0x08002f0e   Section        0  stm32f4xx_hal_uart.o(i.UART_Receive_IT)
    UART_Receive_IT                          0x08002f0f   Thumb Code   192  stm32f4xx_hal_uart.o(i.UART_Receive_IT)
    i.UART_SetConfig                         0x08002fd0   Section        0  stm32f4xx_hal_uart.o(i.UART_SetConfig)
    UART_SetConfig                           0x08002fd1   Thumb Code   258  stm32f4xx_hal_uart.o(i.UART_SetConfig)
    i.UART_Start_Receive_IT                  0x080030dc   Section        0  stm32f4xx_hal_uart.o(i.UART_Start_Receive_IT)
    i.UART_WaitOnFlagUntilTimeout            0x08003116   Section        0  stm32f4xx_hal_uart.o(i.UART_WaitOnFlagUntilTimeout)
    UART_WaitOnFlagUntilTimeout              0x08003117   Thumb Code   120  stm32f4xx_hal_uart.o(i.UART_WaitOnFlagUntilTimeout)
    i.USART6_IRQHandler                      0x08003190   Section        0  stm32f4xx_it.o(i.USART6_IRQHandler)
    i.UsageFault_Handler                     0x0800319c   Section        0  stm32f4xx_it.o(i.UsageFault_Handler)
    i.__ARM_fpclassify                       0x0800319e   Section        0  fpclassify.o(i.__ARM_fpclassify)
    i.__NVIC_SetPriority                     0x080031ce   Section        0  stm32f4xx_hal_cortex.o(i.__NVIC_SetPriority)
    __NVIC_SetPriority                       0x080031cf   Thumb Code    32  stm32f4xx_hal_cortex.o(i.__NVIC_SetPriority)
    i._is_digit                              0x080031ee   Section        0  __printf_wp.o(i._is_digit)
    i.cli_command_excute                     0x080031fc   Section        0  cli_command.o(i.cli_command_excute)
    i.getTemperature                         0x08003260   Section        0  get_temperature_ci.o(i.getTemperature)
    i.main                                   0x080032d0   Section        0  main.o(i.main)
    i.receive_data                           0x0800334c   Section        0  uart.o(i.receive_data)
    i.response_init                          0x08003370   Section        0  response_ci.o(i.response_init)
    i.response_print                         0x080033c4   Section        0  response_ci.o(i.response_print)
    i.setTemperatureMax                      0x080033f0   Section        0  set_temperature_ci.o(i.setTemperatureMax)
    i.uart_handle                            0x080033f4   Section        0  uart.o(i.uart_handle)
    locale$$code                             0x08003418   Section       44  lc_ctype_c.o(locale$$code)
    locale$$code                             0x08003444   Section       44  lc_numeric_c.o(locale$$code)
    x$fpl$dretinf                            0x08003470   Section       12  dretinf.o(x$fpl$dretinf)
    $v0                                      0x08003470   Number         0  dretinf.o(x$fpl$dretinf)
    x$fpl$f2d                                0x0800347c   Section       86  f2d.o(x$fpl$f2d)
    $v0                                      0x0800347c   Number         0  f2d.o(x$fpl$f2d)
    x$fpl$fnaninf                            0x080034d2   Section      140  fnaninf.o(x$fpl$fnaninf)
    $v0                                      0x080034d2   Number         0  fnaninf.o(x$fpl$fnaninf)
    x$fpl$fpinit                             0x0800355e   Section       10  fpinit.o(x$fpl$fpinit)
    $v0                                      0x0800355e   Number         0  fpinit.o(x$fpl$fpinit)
    x$fpl$printf1                            0x08003568   Section        4  printf1.o(x$fpl$printf1)
    $v0                                      0x08003568   Number         0  printf1.o(x$fpl$printf1)
    x$fpl$printf2                            0x0800356c   Section        4  printf2.o(x$fpl$printf2)
    $v0                                      0x0800356c   Number         0  printf2.o(x$fpl$printf2)
    .constdata                               0x08003570   Section       16  system_stm32f4xx.o(.constdata)
    x$fpl$usenofp                            0x08003570   Section        0  usenofp.o(x$fpl$usenofp)
    .constdata                               0x08003580   Section        8  system_stm32f4xx.o(.constdata)
    .constdata                               0x08003588   Section        8  _printf_wctomb.o(.constdata)
    initial_mbstate                          0x08003588   Data           8  _printf_wctomb.o(.constdata)
    .constdata                               0x08003590   Section       40  _printf_hex_int_ll_ptr.o(.constdata)
    uc_hextab                                0x08003590   Data          20  _printf_hex_int_ll_ptr.o(.constdata)
    lc_hextab                                0x080035a4   Data          20  _printf_hex_int_ll_ptr.o(.constdata)
    .constdata                               0x080035b8   Section       17  __printf_flags_ss_wp.o(.constdata)
    maptable                                 0x080035b8   Data          17  __printf_flags_ss_wp.o(.constdata)
    .constdata                               0x080035c9   Section       38  _printf_fp_hex.o(.constdata)
    lc_hextab                                0x080035c9   Data          19  _printf_fp_hex.o(.constdata)
    uc_hextab                                0x080035dc   Data          19  _printf_fp_hex.o(.constdata)
    .constdata                               0x080035f0   Section      148  bigflt0.o(.constdata)
    tenpwrs_x                                0x080035f0   Data          60  bigflt0.o(.constdata)
    tenpwrs_i                                0x0800362c   Data          64  bigflt0.o(.constdata)
    .conststring                             0x08003684   Section      150  get_temperature_ci.o(.conststring)
    .conststring                             0x0800371c   Section       32  cli_command_table.o(.conststring)
    .conststring                             0x0800373c   Section       38  cli_command_table.o(.conststring)
    .conststring                             0x08003764   Section       26  cli_command_table.o(.conststring)
    locale$$data                             0x080037a0   Section      272  lc_ctype_c.o(locale$$data)
    __lcctype_c_name                         0x080037a4   Data           2  lc_ctype_c.o(locale$$data)
    __lcctype_c_start                        0x080037ac   Data           0  lc_ctype_c.o(locale$$data)
    locale$$data                             0x080038b0   Section       28  lc_numeric_c.o(locale$$data)
    __lcctype_c_end                          0x080038b0   Data           0  lc_ctype_c.o(locale$$data)
    __lcnum_c_name                           0x080038b4   Data           2  lc_numeric_c.o(locale$$data)
    __lcnum_c_start                          0x080038bc   Data           0  lc_numeric_c.o(locale$$data)
    __lcnum_c_point                          0x080038c8   Data           0  lc_numeric_c.o(locale$$data)
    __lcnum_c_thousands                      0x080038ca   Data           0  lc_numeric_c.o(locale$$data)
    __lcnum_c_grouping                       0x080038cb   Data           0  lc_numeric_c.o(locale$$data)
    __lcnum_c_end                            0x080038cc   Data           0  lc_numeric_c.o(locale$$data)
    .data                                    0x20000000   Section        1  main.o(.data)
    rx_data                                  0x20000000   Data           1  main.o(.data)
    .data                                    0x20000004   Section       12  stm32f4xx_hal.o(.data)
    .data                                    0x20000010   Section        4  system_stm32f4xx.o(.data)
    .data                                    0x20000014   Section        2  uart.o(.data)
    uart_len                                 0x20000014   Data           1  uart.o(.data)
    uart_flag                                0x20000015   Data           1  uart.o(.data)
    .data                                    0x20000018   Section        4  cli_command.o(.data)
    .data                                    0x2000001c   Section        8  cli_command_table.o(.data)
    .data                                    0x20000024   Section        8  cli_command_table.o(.data)
    .data                                    0x2000002c   Section       24  cli_command_table.o(.data)
    .data                                    0x20000044   Section        4  strtok.o(.data)
    _strtok_saves1                           0x20000044   Data           4  strtok.o(.data)
    .bss                                     0x20000048   Section       68  main.o(.bss)
    .bss                                     0x2000008c   Section      100  uart.o(.bss)
    uart_buff                                0x2000008c   Data         100  uart.o(.bss)
    .bss                                     0x200000f0   Section       68  response_ci.o(.bss)
    huart                                    0x200000f0   Data          68  response_ci.o(.bss)
    .bss                                     0x20000134   Section       96  libspace.o(.bss)
    HEAP                                     0x20000198   Section      512  startup_stm32f411xe.o(HEAP)
    Heap_Mem                                 0x20000198   Data         512  startup_stm32f411xe.o(HEAP)
    STACK                                    0x20000398   Section     1024  startup_stm32f411xe.o(STACK)
    Stack_Mem                                0x20000398   Data        1024  startup_stm32f411xe.o(STACK)
    __initial_sp                             0x20000798   Data           0  startup_stm32f411xe.o(STACK)

    Global Symbols

    Symbol Name                              Value     Ov Type        Size  Object(Section)

    BuildAttributes$$THM_ISAv4$E$P$D$K$B$S$7EM$VFPi3$EXTD16$VFPS$VFMA$PE$A:L22UL41UL21$X:L11$S22US41US21$IEEE1$IW$USESV6$~STKCKD$USESV7$~SHL$OTIME$ROPI$IEEEJ$EBA8$UX$STANDARDLIB$REQ8$PRES8$EABIv2 0x00000000   Number         0  anon$$obj.o ABSOLUTE
    __ARM_use_no_argv                        0x00000000   Number         0  main.o ABSOLUTE
    _printf_flags                            0x00000000   Number         0  printf_stubs.o ABSOLUTE
    _printf_return_value                     0x00000000   Number         0  printf_stubs.o ABSOLUTE
    _printf_sizespec                         0x00000000   Number         0  printf_stubs.o ABSOLUTE
    _printf_widthprec                        0x00000000   Number         0  printf_stubs.o ABSOLUTE
    __ARM_exceptions_init                     - Undefined Weak Reference
    __alloca_initialize                       - Undefined Weak Reference
    __arm_preinit_                            - Undefined Weak Reference
    __cpp_initialize__aeabi_                  - Undefined Weak Reference
    __cxa_finalize                            - Undefined Weak Reference
    __sigvec_lookup                           - Undefined Weak Reference
    _atexit_init                              - Undefined Weak Reference
    _call_atexit_fns                          - Undefined Weak Reference
    _clock_init                               - Undefined Weak Reference
    _fp_trap_init                             - Undefined Weak Reference
    _fp_trap_shutdown                         - Undefined Weak Reference
    _get_lc_collate                           - Undefined Weak Reference
    _get_lc_monetary                          - Undefined Weak Reference
    _get_lc_time                              - Undefined Weak Reference
    _getenv_init                              - Undefined Weak Reference
    _handle_redirection                       - Undefined Weak Reference
    _init_alloc                               - Undefined Weak Reference
    _init_user_alloc                          - Undefined Weak Reference
    _initio                                   - Undefined Weak Reference
    _printf_mbtowc                            - Undefined Weak Reference
    _printf_wc                                - Undefined Weak Reference
    _rand_init                                - Undefined Weak Reference
    _signal_finish                            - Undefined Weak Reference
    _signal_init                              - Undefined Weak Reference
    _terminate_alloc                          - Undefined Weak Reference
    _terminate_user_alloc                     - Undefined Weak Reference
    _terminateio                              - Undefined Weak Reference
    __Vectors_Size                           0x00000198   Number         0  startup_stm32f411xe.o ABSOLUTE
    __Vectors                                0x08000000   Data           4  startup_stm32f411xe.o(RESET)
    __Vectors_End                            0x08000198   Data           0  startup_stm32f411xe.o(RESET)
    __main                                   0x08000199   Thumb Code     8  __main.o(!!!main)
    __scatterload                            0x080001a1   Thumb Code     0  __scatter.o(!!!scatter)
    __scatterload_rt2                        0x080001a1   Thumb Code    44  __scatter.o(!!!scatter)
    __scatterload_rt2_thumb_only             0x080001a1   Thumb Code     0  __scatter.o(!!!scatter)
    __scatterload_null                       0x080001af   Thumb Code     0  __scatter.o(!!!scatter)
    __scatterload_copy                       0x080001d5   Thumb Code    26  __scatter_copy.o(!!handler_copy)
    __scatterload_zeroinit                   0x080001f1   Thumb Code    28  __scatter_zi.o(!!handler_zi)
    _printf_n                                0x0800020d   Thumb Code     0  _printf_n.o(.ARM.Collect$$_printf_percent$$00000001)
    _printf_percent                          0x0800020d   Thumb Code     0  _printf_percent.o(.ARM.Collect$$_printf_percent$$00000000)
    _printf_p                                0x08000213   Thumb Code     0  _printf_p.o(.ARM.Collect$$_printf_percent$$00000002)
    _printf_f                                0x08000219   Thumb Code     0  _printf_f.o(.ARM.Collect$$_printf_percent$$00000003)
    _printf_e                                0x0800021f   Thumb Code     0  _printf_e.o(.ARM.Collect$$_printf_percent$$00000004)
    _printf_g                                0x08000225   Thumb Code     0  _printf_g.o(.ARM.Collect$$_printf_percent$$00000005)
    _printf_a                                0x0800022b   Thumb Code     0  _printf_a.o(.ARM.Collect$$_printf_percent$$00000006)
    _printf_ll                               0x08000231   Thumb Code     0  _printf_ll.o(.ARM.Collect$$_printf_percent$$00000007)
    _printf_i                                0x0800023b   Thumb Code     0  _printf_i.o(.ARM.Collect$$_printf_percent$$00000008)
    _printf_d                                0x08000241   Thumb Code     0  _printf_d.o(.ARM.Collect$$_printf_percent$$00000009)
    _printf_u                                0x08000247   Thumb Code     0  _printf_u.o(.ARM.Collect$$_printf_percent$$0000000A)
    _printf_o                                0x0800024d   Thumb Code     0  _printf_o.o(.ARM.Collect$$_printf_percent$$0000000B)
    _printf_x                                0x08000253   Thumb Code     0  _printf_x.o(.ARM.Collect$$_printf_percent$$0000000C)
    _printf_lli                              0x08000259   Thumb Code     0  _printf_lli.o(.ARM.Collect$$_printf_percent$$0000000D)
    _printf_lld                              0x0800025f   Thumb Code     0  _printf_lld.o(.ARM.Collect$$_printf_percent$$0000000E)
    _printf_llu                              0x08000265   Thumb Code     0  _printf_llu.o(.ARM.Collect$$_printf_percent$$0000000F)
    _printf_llo                              0x0800026b   Thumb Code     0  _printf_llo.o(.ARM.Collect$$_printf_percent$$00000010)
    _printf_llx                              0x08000271   Thumb Code     0  _printf_llx.o(.ARM.Collect$$_printf_percent$$00000011)
    _printf_l                                0x08000277   Thumb Code     0  _printf_l.o(.ARM.Collect$$_printf_percent$$00000012)
    _printf_c                                0x08000281   Thumb Code     0  _printf_c.o(.ARM.Collect$$_printf_percent$$00000013)
    _printf_s                                0x08000287   Thumb Code     0  _printf_s.o(.ARM.Collect$$_printf_percent$$00000014)
    _printf_lc                               0x0800028d   Thumb Code     0  _printf_lc.o(.ARM.Collect$$_printf_percent$$00000015)
    _printf_ls                               0x08000293   Thumb Code     0  _printf_ls.o(.ARM.Collect$$_printf_percent$$00000016)
    _printf_percent_end                      0x08000299   Thumb Code     0  _printf_percent_end.o(.ARM.Collect$$_printf_percent$$00000017)
    __rt_lib_init                            0x0800029d   Thumb Code     0  libinit.o(.ARM.Collect$$libinit$$00000000)
    __rt_lib_init_fp_1                       0x0800029f   Thumb Code     0  libinit2.o(.ARM.Collect$$libinit$$00000001)
    __rt_lib_init_heap_1                     0x080002a3   Thumb Code     0  libinit2.o(.ARM.Collect$$libinit$$0000000A)
    __rt_lib_init_lc_common                  0x080002a3   Thumb Code     0  libinit2.o(.ARM.Collect$$libinit$$0000000F)
    __rt_lib_init_preinit_1                  0x080002a3   Thumb Code     0  libinit2.o(.ARM.Collect$$libinit$$00000004)
    __rt_lib_init_rand_1                     0x080002a3   Thumb Code     0  libinit2.o(.ARM.Collect$$libinit$$0000000E)
    __rt_lib_init_user_alloc_1               0x080002a3   Thumb Code     0  libinit2.o(.ARM.Collect$$libinit$$0000000C)
    __rt_lib_init_lc_collate_1               0x080002a9   Thumb Code     0  libinit2.o(.ARM.Collect$$libinit$$00000011)
    __rt_lib_init_lc_ctype_2                 0x080002a9   Thumb Code     0  libinit2.o(.ARM.Collect$$libinit$$00000012)
    __rt_lib_init_lc_ctype_1                 0x080002b5   Thumb Code     0  libinit2.o(.ARM.Collect$$libinit$$00000013)
    __rt_lib_init_lc_monetary_1              0x080002b5   Thumb Code     0  libinit2.o(.ARM.Collect$$libinit$$00000015)
    __rt_lib_init_lc_numeric_2               0x080002b5   Thumb Code     0  libinit2.o(.ARM.Collect$$libinit$$00000016)
    __rt_lib_init_alloca_1                   0x080002bf   Thumb Code     0  libinit2.o(.ARM.Collect$$libinit$$0000002E)
    __rt_lib_init_argv_1                     0x080002bf   Thumb Code     0  libinit2.o(.ARM.Collect$$libinit$$0000002C)
    __rt_lib_init_atexit_1                   0x080002bf   Thumb Code     0  libinit2.o(.ARM.Collect$$libinit$$0000001B)
    __rt_lib_init_clock_1                    0x080002bf   Thumb Code     0  libinit2.o(.ARM.Collect$$libinit$$00000021)
    __rt_lib_init_cpp_1                      0x080002bf   Thumb Code     0  libinit2.o(.ARM.Collect$$libinit$$00000032)
    __rt_lib_init_exceptions_1               0x080002bf   Thumb Code     0  libinit2.o(.ARM.Collect$$libinit$$00000030)
    __rt_lib_init_fp_trap_1                  0x080002bf   Thumb Code     0  libinit2.o(.ARM.Collect$$libinit$$0000001F)
    __rt_lib_init_getenv_1                   0x080002bf   Thumb Code     0  libinit2.o(.ARM.Collect$$libinit$$00000023)
    __rt_lib_init_lc_numeric_1               0x080002bf   Thumb Code     0  libinit2.o(.ARM.Collect$$libinit$$00000017)
    __rt_lib_init_lc_time_1                  0x080002bf   Thumb Code     0  libinit2.o(.ARM.Collect$$libinit$$00000019)
    __rt_lib_init_return                     0x080002bf   Thumb Code     0  libinit2.o(.ARM.Collect$$libinit$$00000033)
    __rt_lib_init_signal_1                   0x080002bf   Thumb Code     0  libinit2.o(.ARM.Collect$$libinit$$0000001D)
    __rt_lib_init_stdio_1                    0x080002bf   Thumb Code     0  libinit2.o(.ARM.Collect$$libinit$$00000025)
    __rt_lib_shutdown                        0x080002c1   Thumb Code     0  libshutdown.o(.ARM.Collect$$libshutdown$$00000000)
    __rt_lib_shutdown_cpp_1                  0x080002c3   Thumb Code     0  libshutdown2.o(.ARM.Collect$$libshutdown$$00000002)
    __rt_lib_shutdown_fp_trap_1              0x080002c3   Thumb Code     0  libshutdown2.o(.ARM.Collect$$libshutdown$$00000007)
    __rt_lib_shutdown_heap_1                 0x080002c3   Thumb Code     0  libshutdown2.o(.ARM.Collect$$libshutdown$$0000000F)
    __rt_lib_shutdown_return                 0x080002c3   Thumb Code     0  libshutdown2.o(.ARM.Collect$$libshutdown$$00000010)
    __rt_lib_shutdown_signal_1               0x080002c3   Thumb Code     0  libshutdown2.o(.ARM.Collect$$libshutdown$$0000000A)
    __rt_lib_shutdown_stdio_1                0x080002c3   Thumb Code     0  libshutdown2.o(.ARM.Collect$$libshutdown$$00000004)
    __rt_lib_shutdown_user_alloc_1           0x080002c3   Thumb Code     0  libshutdown2.o(.ARM.Collect$$libshutdown$$0000000C)
    __rt_entry                               0x080002c5   Thumb Code     0  __rtentry.o(.ARM.Collect$$rtentry$$00000000)
    __rt_entry_presh_1                       0x080002c5   Thumb Code     0  __rtentry2.o(.ARM.Collect$$rtentry$$00000002)
    __rt_entry_sh                            0x080002c5   Thumb Code     0  __rtentry4.o(.ARM.Collect$$rtentry$$00000004)
    __rt_entry_li                            0x080002cb   Thumb Code     0  __rtentry2.o(.ARM.Collect$$rtentry$$0000000A)
    __rt_entry_postsh_1                      0x080002cb   Thumb Code     0  __rtentry2.o(.ARM.Collect$$rtentry$$00000009)
    __rt_entry_main                          0x080002cf   Thumb Code     0  __rtentry2.o(.ARM.Collect$$rtentry$$0000000D)
    __rt_entry_postli_1                      0x080002cf   Thumb Code     0  __rtentry2.o(.ARM.Collect$$rtentry$$0000000C)
    __rt_exit                                0x080002d7   Thumb Code     0  rtexit.o(.ARM.Collect$$rtexit$$00000000)
    __rt_exit_ls                             0x080002d9   Thumb Code     0  rtexit2.o(.ARM.Collect$$rtexit$$00000003)
    __rt_exit_prels_1                        0x080002d9   Thumb Code     0  rtexit2.o(.ARM.Collect$$rtexit$$00000002)
    __rt_exit_exit                           0x080002dd   Thumb Code     0  rtexit2.o(.ARM.Collect$$rtexit$$00000004)
    Reset_Handler                            0x080002e5   Thumb Code     8  startup_stm32f411xe.o(.text)
    ADC_IRQHandler                           0x080002ff   Thumb Code     0  startup_stm32f411xe.o(.text)
    DMA1_Stream0_IRQHandler                  0x080002ff   Thumb Code     0  startup_stm32f411xe.o(.text)
    DMA1_Stream1_IRQHandler                  0x080002ff   Thumb Code     0  startup_stm32f411xe.o(.text)
    DMA1_Stream2_IRQHandler                  0x080002ff   Thumb Code     0  startup_stm32f411xe.o(.text)
    DMA1_Stream3_IRQHandler                  0x080002ff   Thumb Code     0  startup_stm32f411xe.o(.text)
    DMA1_Stream4_IRQHandler                  0x080002ff   Thumb Code     0  startup_stm32f411xe.o(.text)
    DMA1_Stream5_IRQHandler                  0x080002ff   Thumb Code     0  startup_stm32f411xe.o(.text)
    DMA1_Stream6_IRQHandler                  0x080002ff   Thumb Code     0  startup_stm32f411xe.o(.text)
    DMA1_Stream7_IRQHandler                  0x080002ff   Thumb Code     0  startup_stm32f411xe.o(.text)
    DMA2_Stream0_IRQHandler                  0x080002ff   Thumb Code     0  startup_stm32f411xe.o(.text)
    DMA2_Stream1_IRQHandler                  0x080002ff   Thumb Code     0  startup_stm32f411xe.o(.text)
    DMA2_Stream2_IRQHandler                  0x080002ff   Thumb Code     0  startup_stm32f411xe.o(.text)
    DMA2_Stream3_IRQHandler                  0x080002ff   Thumb Code     0  startup_stm32f411xe.o(.text)
    DMA2_Stream4_IRQHandler                  0x080002ff   Thumb Code     0  startup_stm32f411xe.o(.text)
    DMA2_Stream5_IRQHandler                  0x080002ff   Thumb Code     0  startup_stm32f411xe.o(.text)
    DMA2_Stream6_IRQHandler                  0x080002ff   Thumb Code     0  startup_stm32f411xe.o(.text)
    DMA2_Stream7_IRQHandler                  0x080002ff   Thumb Code     0  startup_stm32f411xe.o(.text)
    EXTI0_IRQHandler                         0x080002ff   Thumb Code     0  startup_stm32f411xe.o(.text)
    EXTI15_10_IRQHandler                     0x080002ff   Thumb Code     0  startup_stm32f411xe.o(.text)
    EXTI1_IRQHandler                         0x080002ff   Thumb Code     0  startup_stm32f411xe.o(.text)
    EXTI2_IRQHandler                         0x080002ff   Thumb Code     0  startup_stm32f411xe.o(.text)
    EXTI3_IRQHandler                         0x080002ff   Thumb Code     0  startup_stm32f411xe.o(.text)
    EXTI4_IRQHandler                         0x080002ff   Thumb Code     0  startup_stm32f411xe.o(.text)
    EXTI9_5_IRQHandler                       0x080002ff   Thumb Code     0  startup_stm32f411xe.o(.text)
    FLASH_IRQHandler                         0x080002ff   Thumb Code     0  startup_stm32f411xe.o(.text)
    FPU_IRQHandler                           0x080002ff   Thumb Code     0  startup_stm32f411xe.o(.text)
    I2C1_ER_IRQHandler                       0x080002ff   Thumb Code     0  startup_stm32f411xe.o(.text)
    I2C1_EV_IRQHandler                       0x080002ff   Thumb Code     0  startup_stm32f411xe.o(.text)
    I2C2_ER_IRQHandler                       0x080002ff   Thumb Code     0  startup_stm32f411xe.o(.text)
    I2C2_EV_IRQHandler                       0x080002ff   Thumb Code     0  startup_stm32f411xe.o(.text)
    I2C3_ER_IRQHandler                       0x080002ff   Thumb Code     0  startup_stm32f411xe.o(.text)
    I2C3_EV_IRQHandler                       0x080002ff   Thumb Code     0  startup_stm32f411xe.o(.text)
    OTG_FS_IRQHandler                        0x080002ff   Thumb Code     0  startup_stm32f411xe.o(.text)
    OTG_FS_WKUP_IRQHandler                   0x080002ff   Thumb Code     0  startup_stm32f411xe.o(.text)
    PVD_IRQHandler                           0x080002ff   Thumb Code     0  startup_stm32f411xe.o(.text)
    RTC_Alarm_IRQHandler                     0x080002ff   Thumb Code     0  startup_stm32f411xe.o(.text)
    RTC_WKUP_IRQHandler                      0x080002ff   Thumb Code     0  startup_stm32f411xe.o(.text)
    SDIO_IRQHandler                          0x080002ff   Thumb Code     0  startup_stm32f411xe.o(.text)
    SPI1_IRQHandler                          0x080002ff   Thumb Code     0  startup_stm32f411xe.o(.text)
    SPI2_IRQHandler                          0x080002ff   Thumb Code     0  startup_stm32f411xe.o(.text)
    SPI3_IRQHandler                          0x080002ff   Thumb Code     0  startup_stm32f411xe.o(.text)
    SPI4_IRQHandler                          0x080002ff   Thumb Code     0  startup_stm32f411xe.o(.text)
    SPI5_IRQHandler                          0x080002ff   Thumb Code     0  startup_stm32f411xe.o(.text)
    TAMP_STAMP_IRQHandler                    0x080002ff   Thumb Code     0  startup_stm32f411xe.o(.text)
    TIM1_BRK_TIM9_IRQHandler                 0x080002ff   Thumb Code     0  startup_stm32f411xe.o(.text)
    TIM1_CC_IRQHandler                       0x080002ff   Thumb Code     0  startup_stm32f411xe.o(.text)
    TIM1_TRG_COM_TIM11_IRQHandler            0x080002ff   Thumb Code     0  startup_stm32f411xe.o(.text)
    TIM1_UP_TIM10_IRQHandler                 0x080002ff   Thumb Code     0  startup_stm32f411xe.o(.text)
    TIM2_IRQHandler                          0x080002ff   Thumb Code     0  startup_stm32f411xe.o(.text)
    TIM3_IRQHandler                          0x080002ff   Thumb Code     0  startup_stm32f411xe.o(.text)
    TIM4_IRQHandler                          0x080002ff   Thumb Code     0  startup_stm32f411xe.o(.text)
    TIM5_IRQHandler                          0x080002ff   Thumb Code     0  startup_stm32f411xe.o(.text)
    USART1_IRQHandler                        0x080002ff   Thumb Code     0  startup_stm32f411xe.o(.text)
    USART2_IRQHandler                        0x080002ff   Thumb Code     0  startup_stm32f411xe.o(.text)
    WWDG_IRQHandler                          0x080002ff   Thumb Code     0  startup_stm32f411xe.o(.text)
    __user_initial_stackheap                 0x08000301   Thumb Code     0  startup_stm32f411xe.o(.text)
    __aeabi_uldivmod                         0x08000325   Thumb Code     0  lludivv7m.o(.text)
    _ll_udiv                                 0x08000325   Thumb Code   238  lludivv7m.o(.text)
    vsprintf                                 0x08000415   Thumb Code    32  vsprintf.o(.text)
    atoi                                     0x08000439   Thumb Code    26  atoi.o(.text)
    strtok                                   0x08000455   Thumb Code     6  strtok.o(.text)
    strlen                                   0x08000461   Thumb Code    62  strlen.o(.text)
    __aeabi_memcpy4                          0x0800049f   Thumb Code     0  rt_memcpy_w.o(.text)
    __aeabi_memcpy8                          0x0800049f   Thumb Code     0  rt_memcpy_w.o(.text)
    __rt_memcpy_w                            0x0800049f   Thumb Code   100  rt_memcpy_w.o(.text)
    _memcpy_lastbytes_aligned                0x080004e7   Thumb Code     0  rt_memcpy_w.o(.text)
    __aeabi_memclr4                          0x08000503   Thumb Code     0  rt_memclr_w.o(.text)
    __aeabi_memclr8                          0x08000503   Thumb Code     0  rt_memclr_w.o(.text)
    __rt_memclr_w                            0x08000503   Thumb Code    78  rt_memclr_w.o(.text)
    _memset_w                                0x08000507   Thumb Code     0  rt_memclr_w.o(.text)
    strcmp                                   0x08000551   Thumb Code   128  strcmpv7m.o(.text)
    __use_two_region_memory                  0x080005d1   Thumb Code     2  heapauxi.o(.text)
    __rt_heap_escrow$2region                 0x080005d3   Thumb Code     2  heapauxi.o(.text)
    __rt_heap_expand$2region                 0x080005d5   Thumb Code     2  heapauxi.o(.text)
    __aeabi_errno_addr                       0x080005d9   Thumb Code     8  rt_errno_addr_intlibspace.o(.text)
    __errno$intlibspace                      0x080005d9   Thumb Code     0  rt_errno_addr_intlibspace.o(.text)
    __rt_errno_addr$intlibspace              0x080005d9   Thumb Code     0  rt_errno_addr_intlibspace.o(.text)
    _printf_pre_padding                      0x080005e1   Thumb Code    44  _printf_pad.o(.text)
    _printf_post_padding                     0x0800060d   Thumb Code    34  _printf_pad.o(.text)
    _printf_truncate_signed                  0x0800062f   Thumb Code    18  _printf_truncate.o(.text)
    _printf_truncate_unsigned                0x08000641   Thumb Code    18  _printf_truncate.o(.text)
    _printf_str                              0x08000653   Thumb Code    82  _printf_str.o(.text)
    _printf_int_dec                          0x080006a5   Thumb Code   104  _printf_dec.o(.text)
    _printf_charcount                        0x0800071d   Thumb Code    40  _printf_charcount.o(.text)
    _printf_char_common                      0x0800074f   Thumb Code    32  _printf_char_common.o(.text)
    _sputc                                   0x08000775   Thumb Code    10  _sputc.o(.text)
    _printf_wctomb                           0x08000781   Thumb Code   182  _printf_wctomb.o(.text)
    _printf_longlong_dec                     0x0800083d   Thumb Code   108  _printf_longlong_dec.o(.text)
    _printf_longlong_oct                     0x080008b9   Thumb Code    66  _printf_oct_int_ll.o(.text)
    _printf_int_oct                          0x080008fb   Thumb Code    24  _printf_oct_int_ll.o(.text)
    _printf_ll_oct                           0x08000913   Thumb Code    12  _printf_oct_int_ll.o(.text)
    _printf_longlong_hex                     0x08000929   Thumb Code    86  _printf_hex_int_ll_ptr.o(.text)
    _printf_int_hex                          0x0800097f   Thumb Code    28  _printf_hex_int_ll_ptr.o(.text)
    _printf_ll_hex                           0x0800099b   Thumb Code    12  _printf_hex_int_ll_ptr.o(.text)
    _printf_hex_ptr                          0x080009a7   Thumb Code    18  _printf_hex_int_ll_ptr.o(.text)
    __printf                                 0x080009bd   Thumb Code   388  __printf_flags_ss_wp.o(.text)
    strtol                                   0x08000b45   Thumb Code   112  strtol.o(.text)
    __strtok_internal                        0x08000bb5   Thumb Code    64  strtok_int.o(.text)
    __user_libspace                          0x08000bf9   Thumb Code     8  libspace.o(.text)
    __user_perproc_libspace                  0x08000bf9   Thumb Code     0  libspace.o(.text)
    __user_perthread_libspace                0x08000bf9   Thumb Code     0  libspace.o(.text)
    __rt_ctype_table                         0x08000c01   Thumb Code    16  rt_ctype_table.o(.text)
    _ll_udiv10                               0x08000c11   Thumb Code   138  lludiv10.o(.text)
    _printf_int_common                       0x08000c9b   Thumb Code   178  _printf_intcommon.o(.text)
    __lib_sel_fp_printf                      0x08000d4d   Thumb Code     2  _printf_fp_dec.o(.text)
    _printf_fp_dec_real                      0x08000eff   Thumb Code   620  _printf_fp_dec.o(.text)
    _printf_fp_hex_real                      0x0800116d   Thumb Code   756  _printf_fp_hex.o(.text)
    _printf_cs_common                        0x08001469   Thumb Code    20  _printf_char.o(.text)
    _printf_char                             0x0800147d   Thumb Code    16  _printf_char.o(.text)
    _printf_string                           0x0800148d   Thumb Code     8  _printf_char.o(.text)
    _printf_lcs_common                       0x08001495   Thumb Code    20  _printf_wchar.o(.text)
    _printf_wchar                            0x080014a9   Thumb Code    16  _printf_wchar.o(.text)
    _printf_wstring                          0x080014b9   Thumb Code     8  _printf_wchar.o(.text)
    _strtoul                                 0x080014c1   Thumb Code   158  _strtoul.o(.text)
    _wcrtomb                                 0x0800155f   Thumb Code    64  _wcrtomb.o(.text)
    strcspn                                  0x0800159f   Thumb Code    32  strcspn.o(.text)
    strspn                                   0x080015bf   Thumb Code    28  strspn.o(.text)
    __user_setup_stackheap                   0x080015db   Thumb Code    74  sys_stackheap_outer.o(.text)
    __rt_locale                              0x08001625   Thumb Code     8  rt_locale_intlibspace.o(.text)
    _printf_fp_infnan                        0x0800162d   Thumb Code   112  _printf_fp_infnan.o(.text)
    _chval                                   0x080016ad   Thumb Code    28  _chval.o(.text)
    _btod_etento                             0x080016c9   Thumb Code   224  bigflt0.o(.text)
    exit                                     0x080017ad   Thumb Code    18  exit.o(.text)
    _sys_exit                                0x080017c1   Thumb Code     8  sys_exit.o(.text)
    __I$use$semihosting                      0x080017cd   Thumb Code     0  use_no_semi.o(.text)
    __use_no_semihosting_swi                 0x080017cd   Thumb Code     2  use_no_semi.o(.text)
    __semihosting_library_function           0x080017cf   Thumb Code     0  indicate_semi.o(.text)
    _btod_d2e                                0x080017cf   Thumb Code    62  btod.o(CL$$btod_d2e)
    _d2e_denorm_low                          0x0800180d   Thumb Code    70  btod.o(CL$$btod_d2e_denorm_low)
    _d2e_norm_op1                            0x08001853   Thumb Code    96  btod.o(CL$$btod_d2e_norm_op1)
    __btod_div_common                        0x080018b3   Thumb Code   696  btod.o(CL$$btod_div_common)
    _e2e                                     0x08001beb   Thumb Code   220  btod.o(CL$$btod_e2e)
    _btod_ediv                               0x08001cc7   Thumb Code    42  btod.o(CL$$btod_ediv)
    _btod_emul                               0x08001cf1   Thumb Code    42  btod.o(CL$$btod_emul)
    __btod_mult_common                       0x08001d1b   Thumb Code   580  btod.o(CL$$btod_mult_common)
    BME_getTemperature                       0x08001f61   Thumb Code    26  bme.o(i.BME_getTemperature)
    BusFault_Handler                         0x08001f85   Thumb Code     2  stm32f4xx_it.o(i.BusFault_Handler)
    DebugMon_Handler                         0x08001f87   Thumb Code     2  stm32f4xx_it.o(i.DebugMon_Handler)
    HAL_DMA_Abort                            0x08001f89   Thumb Code   146  stm32f4xx_hal_dma.o(i.HAL_DMA_Abort)
    HAL_DMA_Abort_IT                         0x0800201b   Thumb Code    36  stm32f4xx_hal_dma.o(i.HAL_DMA_Abort_IT)
    HAL_GPIO_Init                            0x08002041   Thumb Code   446  stm32f4xx_hal_gpio.o(i.HAL_GPIO_Init)
    HAL_GPIO_WritePin                        0x08002221   Thumb Code    10  stm32f4xx_hal_gpio.o(i.HAL_GPIO_WritePin)
    HAL_GetTick                              0x0800222d   Thumb Code     6  stm32f4xx_hal.o(i.HAL_GetTick)
    HAL_IncTick                              0x08002239   Thumb Code    12  stm32f4xx_hal.o(i.HAL_IncTick)
    HAL_Init                                 0x08002249   Thumb Code    48  stm32f4xx_hal.o(i.HAL_Init)
    HAL_InitTick                             0x0800227d   Thumb Code    54  stm32f4xx_hal.o(i.HAL_InitTick)
    HAL_MspInit                              0x080022bd   Thumb Code    60  stm32f4xx_hal_msp.o(i.HAL_MspInit)
    HAL_NVIC_EnableIRQ                       0x080022fd   Thumb Code    26  stm32f4xx_hal_cortex.o(i.HAL_NVIC_EnableIRQ)
    HAL_NVIC_SetPriority                     0x08002319   Thumb Code    60  stm32f4xx_hal_cortex.o(i.HAL_NVIC_SetPriority)
    HAL_NVIC_SetPriorityGrouping             0x08002359   Thumb Code    26  stm32f4xx_hal_cortex.o(i.HAL_NVIC_SetPriorityGrouping)
    HAL_RCC_ClockConfig                      0x0800237d   Thumb Code   288  stm32f4xx_hal_rcc.o(i.HAL_RCC_ClockConfig)
    HAL_RCC_GetPCLK1Freq                     0x080024b1   Thumb Code    20  stm32f4xx_hal_rcc.o(i.HAL_RCC_GetPCLK1Freq)
    HAL_RCC_GetPCLK2Freq                     0x080024d1   Thumb Code    20  stm32f4xx_hal_rcc.o(i.HAL_RCC_GetPCLK2Freq)
    HAL_RCC_GetSysClockFreq                  0x080024f1   Thumb Code    88  stm32f4xx_hal_rcc.o(i.HAL_RCC_GetSysClockFreq)
    HAL_RCC_OscConfig                        0x08002551   Thumb Code   856  stm32f4xx_hal_rcc.o(i.HAL_RCC_OscConfig)
    HAL_SYSTICK_Config                       0x080028bd   Thumb Code    40  stm32f4xx_hal_cortex.o(i.HAL_SYSTICK_Config)
    HAL_UARTEx_RxEventCallback               0x080028e5   Thumb Code     2  stm32f4xx_hal_uart.o(i.HAL_UARTEx_RxEventCallback)
    HAL_UART_ErrorCallback                   0x080028e7   Thumb Code     2  stm32f4xx_hal_uart.o(i.HAL_UART_ErrorCallback)
    HAL_UART_IRQHandler                      0x080028e9   Thumb Code   610  stm32f4xx_hal_uart.o(i.HAL_UART_IRQHandler)
    HAL_UART_Init                            0x08002b51   Thumb Code    98  stm32f4xx_hal_uart.o(i.HAL_UART_Init)
    HAL_UART_MspInit                         0x08002bb5   Thumb Code   108  stm32f4xx_hal_msp.o(i.HAL_UART_MspInit)
    HAL_UART_Receive_IT                      0x08002c2d   Thumb Code    42  stm32f4xx_hal_uart.o(i.HAL_UART_Receive_IT)
    HAL_UART_RxCpltCallback                  0x08002c59   Thumb Code    36  main.o(i.HAL_UART_RxCpltCallback)
    HAL_UART_Transmit                        0x08002c85   Thumb Code   178  stm32f4xx_hal_uart.o(i.HAL_UART_Transmit)
    HAL_UART_TxCpltCallback                  0x08002d37   Thumb Code     2  stm32f4xx_hal_uart.o(i.HAL_UART_TxCpltCallback)
    HardFault_Handler                        0x08002d39   Thumb Code     2  stm32f4xx_it.o(i.HardFault_Handler)
    MemManage_Handler                        0x08002e01   Thumb Code     2  stm32f4xx_it.o(i.MemManage_Handler)
    NMI_Handler                              0x08002e03   Thumb Code     2  stm32f4xx_it.o(i.NMI_Handler)
    PendSV_Handler                           0x08002e05   Thumb Code     2  stm32f4xx_it.o(i.PendSV_Handler)
    RCC_IRQHandler                           0x08002e07   Thumb Code     2  stm32f4xx_it.o(i.RCC_IRQHandler)
    SVC_Handler                              0x08002e09   Thumb Code     2  stm32f4xx_it.o(i.SVC_Handler)
    SysTick_Handler                          0x08002e0b   Thumb Code     4  stm32f4xx_it.o(i.SysTick_Handler)
    SystemClock_Config                       0x08002e11   Thumb Code   134  main.o(i.SystemClock_Config)
    SystemInit                               0x08002ea1   Thumb Code    12  system_stm32f4xx.o(i.SystemInit)
    UART_Start_Receive_IT                    0x080030dd   Thumb Code    58  stm32f4xx_hal_uart.o(i.UART_Start_Receive_IT)
    USART6_IRQHandler                        0x08003191   Thumb Code     6  stm32f4xx_it.o(i.USART6_IRQHandler)
    UsageFault_Handler                       0x0800319d   Thumb Code     2  stm32f4xx_it.o(i.UsageFault_Handler)
    __ARM_fpclassify                         0x0800319f   Thumb Code    48  fpclassify.o(i.__ARM_fpclassify)
    _is_digit                                0x080031ef   Thumb Code    14  __printf_wp.o(i._is_digit)
    cli_command_excute                       0x080031fd   Thumb Code    86  cli_command.o(i.cli_command_excute)
    getTemperature                           0x08003261   Thumb Code    64  get_temperature_ci.o(i.getTemperature)
    main                                     0x080032d1   Thumb Code   118  main.o(i.main)
    receive_data                             0x0800334d   Thumb Code    28  uart.o(i.receive_data)
    response_init                            0x08003371   Thumb Code    80  response_ci.o(i.response_init)
    response_print                           0x080033c5   Thumb Code    40  response_ci.o(i.response_print)
    setTemperatureMax                        0x080033f1   Thumb Code     2  set_temperature_ci.o(i.setTemperatureMax)
    uart_handle                              0x080033f5   Thumb Code    26  uart.o(i.uart_handle)
    _get_lc_ctype                            0x08003419   Thumb Code    44  lc_ctype_c.o(locale$$code)
    _get_lc_numeric                          0x08003445   Thumb Code    44  lc_numeric_c.o(locale$$code)
    __fpl_dretinf                            0x08003471   Thumb Code    12  dretinf.o(x$fpl$dretinf)
    __aeabi_f2d                              0x0800347d   Thumb Code     0  f2d.o(x$fpl$f2d)
    _f2d                                     0x0800347d   Thumb Code    86  f2d.o(x$fpl$f2d)
    __fpl_fnaninf                            0x080034d3   Thumb Code   140  fnaninf.o(x$fpl$fnaninf)
    _fp_init                                 0x0800355f   Thumb Code    10  fpinit.o(x$fpl$fpinit)
    __fplib_config_fpu_vfp                   0x08003567   Thumb Code     0  fpinit.o(x$fpl$fpinit)
    __fplib_config_pureend_doubles           0x08003567   Thumb Code     0  fpinit.o(x$fpl$fpinit)
    _printf_fp_dec                           0x08003569   Thumb Code     4  printf1.o(x$fpl$printf1)
    _printf_fp_hex                           0x0800356d   Thumb Code     4  printf2.o(x$fpl$printf2)
    AHBPrescTable                            0x08003570   Data          16  system_stm32f4xx.o(.constdata)
    __I$use$fp                               0x08003570   Number         0  usenofp.o(x$fpl$usenofp)
    APBPrescTable                            0x08003580   Data           8  system_stm32f4xx.o(.constdata)
    Region$$Table$$Base                      0x08003780   Number         0  anon$$obj.o(Region$$Table)
    Region$$Table$$Limit                     0x080037a0   Number         0  anon$$obj.o(Region$$Table)
    __ctype                                  0x080037ad   Data           0  lc_ctype_c.o(locale$$data)
    uwTickFreq                               0x20000004   Data           1  stm32f4xx_hal.o(.data)
    uwTickPrio                               0x20000008   Data           4  stm32f4xx_hal.o(.data)
    uwTick                                   0x2000000c   Data           4  stm32f4xx_hal.o(.data)
    SystemCoreClock                          0x20000010   Data           4  system_stm32f4xx.o(.data)
    p_cmd_entry                              0x20000018   Data           4  cli_command.o(.data)
    command_infor_getTem                     0x2000001c   Data           8  cli_command_table.o(.data)
    command_infor_setTemMax                  0x20000024   Data           8  cli_command_table.o(.data)
    command_entry_table                      0x2000002c   Data          24  cli_command_table.o(.data)
    huart6                                   0x20000048   Data          68  main.o(.bss)
    __libspace_start                         0x20000134   Data          96  libspace.o(.bss)
    __temporary_stack_top$libspace           0x20000194   Data           0  libspace.o(.bss)



==============================================================================

Memory Map of the image

  Image Entry point : 0x08000199

  Load Region LR_IROM1 (Base: 0x08000000, Size: 0x00003914, Max: 0x00080000, ABSOLUTE)

    Execution Region ER_IROM1 (Exec base: 0x08000000, Load base: 0x08000000, Size: 0x000038cc, Max: 0x00080000, ABSOLUTE)

    Exec Addr    Load Addr    Size         Type   Attr      Idx    E Section Name        Object

    0x08000000   0x08000000   0x00000198   Data   RO            3    RESET               startup_stm32f411xe.o
    0x08000198   0x08000198   0x00000008   Code   RO         2195  * !!!main             c_w.l(__main.o)
    0x080001a0   0x080001a0   0x00000034   Code   RO         2547    !!!scatter          c_w.l(__scatter.o)
    0x080001d4   0x080001d4   0x0000001a   Code   RO         2549    !!handler_copy      c_w.l(__scatter_copy.o)
    0x080001ee   0x080001ee   0x00000002   PAD
    0x080001f0   0x080001f0   0x0000001c   Code   RO         2551    !!handler_zi        c_w.l(__scatter_zi.o)
    0x0800020c   0x0800020c   0x00000000   Code   RO         2290    .ARM.Collect$$_printf_percent$$00000000  c_w.l(_printf_percent.o)
    0x0800020c   0x0800020c   0x00000006   Code   RO         2279    .ARM.Collect$$_printf_percent$$00000001  c_w.l(_printf_n.o)
    0x08000212   0x08000212   0x00000006   Code   RO         2281    .ARM.Collect$$_printf_percent$$00000002  c_w.l(_printf_p.o)
    0x08000218   0x08000218   0x00000006   Code   RO         2286    .ARM.Collect$$_printf_percent$$00000003  c_w.l(_printf_f.o)
    0x0800021e   0x0800021e   0x00000006   Code   RO         2287    .ARM.Collect$$_printf_percent$$00000004  c_w.l(_printf_e.o)
    0x08000224   0x08000224   0x00000006   Code   RO         2288    .ARM.Collect$$_printf_percent$$00000005  c_w.l(_printf_g.o)
    0x0800022a   0x0800022a   0x00000006   Code   RO         2289    .ARM.Collect$$_printf_percent$$00000006  c_w.l(_printf_a.o)
    0x08000230   0x08000230   0x0000000a   Code   RO         2294    .ARM.Collect$$_printf_percent$$00000007  c_w.l(_printf_ll.o)
    0x0800023a   0x0800023a   0x00000006   Code   RO         2283    .ARM.Collect$$_printf_percent$$00000008  c_w.l(_printf_i.o)
    0x08000240   0x08000240   0x00000006   Code   RO         2284    .ARM.Collect$$_printf_percent$$00000009  c_w.l(_printf_d.o)
    0x08000246   0x08000246   0x00000006   Code   RO         2285    .ARM.Collect$$_printf_percent$$0000000A  c_w.l(_printf_u.o)
    0x0800024c   0x0800024c   0x00000006   Code   RO         2282    .ARM.Collect$$_printf_percent$$0000000B  c_w.l(_printf_o.o)
    0x08000252   0x08000252   0x00000006   Code   RO         2280    .ARM.Collect$$_printf_percent$$0000000C  c_w.l(_printf_x.o)
    0x08000258   0x08000258   0x00000006   Code   RO         2291    .ARM.Collect$$_printf_percent$$0000000D  c_w.l(_printf_lli.o)
    0x0800025e   0x0800025e   0x00000006   Code   RO         2292    .ARM.Collect$$_printf_percent$$0000000E  c_w.l(_printf_lld.o)
    0x08000264   0x08000264   0x00000006   Code   RO         2293    .ARM.Collect$$_printf_percent$$0000000F  c_w.l(_printf_llu.o)
    0x0800026a   0x0800026a   0x00000006   Code   RO         2298    .ARM.Collect$$_printf_percent$$00000010  c_w.l(_printf_llo.o)
    0x08000270   0x08000270   0x00000006   Code   RO         2299    .ARM.Collect$$_printf_percent$$00000011  c_w.l(_printf_llx.o)
    0x08000276   0x08000276   0x0000000a   Code   RO         2295    .ARM.Collect$$_printf_percent$$00000012  c_w.l(_printf_l.o)
    0x08000280   0x08000280   0x00000006   Code   RO         2277    .ARM.Collect$$_printf_percent$$00000013  c_w.l(_printf_c.o)
    0x08000286   0x08000286   0x00000006   Code   RO         2278    .ARM.Collect$$_printf_percent$$00000014  c_w.l(_printf_s.o)
    0x0800028c   0x0800028c   0x00000006   Code   RO         2296    .ARM.Collect$$_printf_percent$$00000015  c_w.l(_printf_lc.o)
    0x08000292   0x08000292   0x00000006   Code   RO         2297    .ARM.Collect$$_printf_percent$$00000016  c_w.l(_printf_ls.o)
    0x08000298   0x08000298   0x00000004   Code   RO         2354    .ARM.Collect$$_printf_percent$$00000017  c_w.l(_printf_percent_end.o)
    0x0800029c   0x0800029c   0x00000002   Code   RO         2416    .ARM.Collect$$libinit$$00000000  c_w.l(libinit.o)
    0x0800029e   0x0800029e   0x00000004   Code   RO         2429    .ARM.Collect$$libinit$$00000001  c_w.l(libinit2.o)
    0x080002a2   0x080002a2   0x00000000   Code   RO         2432    .ARM.Collect$$libinit$$00000004  c_w.l(libinit2.o)
    0x080002a2   0x080002a2   0x00000000   Code   RO         2435    .ARM.Collect$$libinit$$0000000A  c_w.l(libinit2.o)
    0x080002a2   0x080002a2   0x00000000   Code   RO         2437    .ARM.Collect$$libinit$$0000000C  c_w.l(libinit2.o)
    0x080002a2   0x080002a2   0x00000000   Code   RO         2439    .ARM.Collect$$libinit$$0000000E  c_w.l(libinit2.o)
    0x080002a2   0x080002a2   0x00000006   Code   RO         2440    .ARM.Collect$$libinit$$0000000F  c_w.l(libinit2.o)
    0x080002a8   0x080002a8   0x00000000   Code   RO         2442    .ARM.Collect$$libinit$$00000011  c_w.l(libinit2.o)
    0x080002a8   0x080002a8   0x0000000c   Code   RO         2443    .ARM.Collect$$libinit$$00000012  c_w.l(libinit2.o)
    0x080002b4   0x080002b4   0x00000000   Code   RO         2444    .ARM.Collect$$libinit$$00000013  c_w.l(libinit2.o)
    0x080002b4   0x080002b4   0x00000000   Code   RO         2446    .ARM.Collect$$libinit$$00000015  c_w.l(libinit2.o)
    0x080002b4   0x080002b4   0x0000000a   Code   RO         2447    .ARM.Collect$$libinit$$00000016  c_w.l(libinit2.o)
    0x080002be   0x080002be   0x00000000   Code   RO         2448    .ARM.Collect$$libinit$$00000017  c_w.l(libinit2.o)
    0x080002be   0x080002be   0x00000000   Code   RO         2450    .ARM.Collect$$libinit$$00000019  c_w.l(libinit2.o)
    0x080002be   0x080002be   0x00000000   Code   RO         2452    .ARM.Collect$$libinit$$0000001B  c_w.l(libinit2.o)
    0x080002be   0x080002be   0x00000000   Code   RO         2454    .ARM.Collect$$libinit$$0000001D  c_w.l(libinit2.o)
    0x080002be   0x080002be   0x00000000   Code   RO         2456    .ARM.Collect$$libinit$$0000001F  c_w.l(libinit2.o)
    0x080002be   0x080002be   0x00000000   Code   RO         2458    .ARM.Collect$$libinit$$00000021  c_w.l(libinit2.o)
    0x080002be   0x080002be   0x00000000   Code   RO         2460    .ARM.Collect$$libinit$$00000023  c_w.l(libinit2.o)
    0x080002be   0x080002be   0x00000000   Code   RO         2462    .ARM.Collect$$libinit$$00000025  c_w.l(libinit2.o)
    0x080002be   0x080002be   0x00000000   Code   RO         2466    .ARM.Collect$$libinit$$0000002C  c_w.l(libinit2.o)
    0x080002be   0x080002be   0x00000000   Code   RO         2468    .ARM.Collect$$libinit$$0000002E  c_w.l(libinit2.o)
    0x080002be   0x080002be   0x00000000   Code   RO         2470    .ARM.Collect$$libinit$$00000030  c_w.l(libinit2.o)
    0x080002be   0x080002be   0x00000000   Code   RO         2472    .ARM.Collect$$libinit$$00000032  c_w.l(libinit2.o)
    0x080002be   0x080002be   0x00000002   Code   RO         2473    .ARM.Collect$$libinit$$00000033  c_w.l(libinit2.o)
    0x080002c0   0x080002c0   0x00000002   Code   RO         2504    .ARM.Collect$$libshutdown$$00000000  c_w.l(libshutdown.o)
    0x080002c2   0x080002c2   0x00000000   Code   RO         2530    .ARM.Collect$$libshutdown$$00000002  c_w.l(libshutdown2.o)
    0x080002c2   0x080002c2   0x00000000   Code   RO         2532    .ARM.Collect$$libshutdown$$00000004  c_w.l(libshutdown2.o)
    0x080002c2   0x080002c2   0x00000000   Code   RO         2535    .ARM.Collect$$libshutdown$$00000007  c_w.l(libshutdown2.o)
    0x080002c2   0x080002c2   0x00000000   Code   RO         2538    .ARM.Collect$$libshutdown$$0000000A  c_w.l(libshutdown2.o)
    0x080002c2   0x080002c2   0x00000000   Code   RO         2540    .ARM.Collect$$libshutdown$$0000000C  c_w.l(libshutdown2.o)
    0x080002c2   0x080002c2   0x00000000   Code   RO         2543    .ARM.Collect$$libshutdown$$0000000F  c_w.l(libshutdown2.o)
    0x080002c2   0x080002c2   0x00000002   Code   RO         2544    .ARM.Collect$$libshutdown$$00000010  c_w.l(libshutdown2.o)
    0x080002c4   0x080002c4   0x00000000   Code   RO         2199    .ARM.Collect$$rtentry$$00000000  c_w.l(__rtentry.o)
    0x080002c4   0x080002c4   0x00000000   Code   RO         2321    .ARM.Collect$$rtentry$$00000002  c_w.l(__rtentry2.o)
    0x080002c4   0x080002c4   0x00000006   Code   RO         2333    .ARM.Collect$$rtentry$$00000004  c_w.l(__rtentry4.o)
    0x080002ca   0x080002ca   0x00000000   Code   RO         2323    .ARM.Collect$$rtentry$$00000009  c_w.l(__rtentry2.o)
    0x080002ca   0x080002ca   0x00000004   Code   RO         2324    .ARM.Collect$$rtentry$$0000000A  c_w.l(__rtentry2.o)
    0x080002ce   0x080002ce   0x00000000   Code   RO         2326    .ARM.Collect$$rtentry$$0000000C  c_w.l(__rtentry2.o)
    0x080002ce   0x080002ce   0x00000008   Code   RO         2327    .ARM.Collect$$rtentry$$0000000D  c_w.l(__rtentry2.o)
    0x080002d6   0x080002d6   0x00000002   Code   RO         2421    .ARM.Collect$$rtexit$$00000000  c_w.l(rtexit.o)
    0x080002d8   0x080002d8   0x00000000   Code   RO         2477    .ARM.Collect$$rtexit$$00000002  c_w.l(rtexit2.o)
    0x080002d8   0x080002d8   0x00000004   Code   RO         2478    .ARM.Collect$$rtexit$$00000003  c_w.l(rtexit2.o)
    0x080002dc   0x080002dc   0x00000006   Code   RO         2479    .ARM.Collect$$rtexit$$00000004  c_w.l(rtexit2.o)
    0x080002e2   0x080002e2   0x00000002   PAD
    0x080002e4   0x080002e4   0x00000040   Code   RO            4    .text               startup_stm32f411xe.o
    0x08000324   0x08000324   0x000000ee   Code   RO         2176    .text               c_w.l(lludivv7m.o)
    0x08000412   0x08000412   0x00000002   PAD
    0x08000414   0x08000414   0x00000024   Code   RO         2178    .text               c_w.l(vsprintf.o)
    0x08000438   0x08000438   0x0000001a   Code   RO         2180    .text               c_w.l(atoi.o)
    0x08000452   0x08000452   0x00000002   PAD
    0x08000454   0x08000454   0x0000000c   Code   RO         2182    .text               c_w.l(strtok.o)
    0x08000460   0x08000460   0x0000003e   Code   RO         2185    .text               c_w.l(strlen.o)
    0x0800049e   0x0800049e   0x00000064   Code   RO         2187    .text               c_w.l(rt_memcpy_w.o)
    0x08000502   0x08000502   0x0000004e   Code   RO         2189    .text               c_w.l(rt_memclr_w.o)
    0x08000550   0x08000550   0x00000080   Code   RO         2191    .text               c_w.l(strcmpv7m.o)
    0x080005d0   0x080005d0   0x00000006   Code   RO         2193    .text               c_w.l(heapauxi.o)
    0x080005d6   0x080005d6   0x00000002   PAD
    0x080005d8   0x080005d8   0x00000008   Code   RO         2207    .text               c_w.l(rt_errno_addr_intlibspace.o)
    0x080005e0   0x080005e0   0x0000004e   Code   RO         2211    .text               c_w.l(_printf_pad.o)
    0x0800062e   0x0800062e   0x00000024   Code   RO         2213    .text               c_w.l(_printf_truncate.o)
    0x08000652   0x08000652   0x00000052   Code   RO         2215    .text               c_w.l(_printf_str.o)
    0x080006a4   0x080006a4   0x00000078   Code   RO         2217    .text               c_w.l(_printf_dec.o)
    0x0800071c   0x0800071c   0x00000028   Code   RO         2219    .text               c_w.l(_printf_charcount.o)
    0x08000744   0x08000744   0x00000030   Code   RO         2221    .text               c_w.l(_printf_char_common.o)
    0x08000774   0x08000774   0x0000000a   Code   RO         2223    .text               c_w.l(_sputc.o)
    0x0800077e   0x0800077e   0x00000002   PAD
    0x08000780   0x08000780   0x000000bc   Code   RO         2225    .text               c_w.l(_printf_wctomb.o)
    0x0800083c   0x0800083c   0x0000007c   Code   RO         2228    .text               c_w.l(_printf_longlong_dec.o)
    0x080008b8   0x080008b8   0x00000070   Code   RO         2234    .text               c_w.l(_printf_oct_int_ll.o)
    0x08000928   0x08000928   0x00000094   Code   RO         2254    .text               c_w.l(_printf_hex_int_ll_ptr.o)
    0x080009bc   0x080009bc   0x00000188   Code   RO         2274    .text               c_w.l(__printf_flags_ss_wp.o)
    0x08000b44   0x08000b44   0x00000070   Code   RO         2300    .text               c_w.l(strtol.o)
    0x08000bb4   0x08000bb4   0x00000044   Code   RO         2302    .text               c_w.l(strtok_int.o)
    0x08000bf8   0x08000bf8   0x00000008   Code   RO         2317    .text               c_w.l(libspace.o)
    0x08000c00   0x08000c00   0x00000010   Code   RO         2335    .text               c_w.l(rt_ctype_table.o)
    0x08000c10   0x08000c10   0x0000008a   Code   RO         2339    .text               c_w.l(lludiv10.o)
    0x08000c9a   0x08000c9a   0x000000b2   Code   RO         2341    .text               c_w.l(_printf_intcommon.o)
    0x08000d4c   0x08000d4c   0x0000041e   Code   RO         2343    .text               c_w.l(_printf_fp_dec.o)
    0x0800116a   0x0800116a   0x00000002   PAD
    0x0800116c   0x0800116c   0x000002fc   Code   RO         2345    .text               c_w.l(_printf_fp_hex.o)
    0x08001468   0x08001468   0x0000002c   Code   RO         2350    .text               c_w.l(_printf_char.o)
    0x08001494   0x08001494   0x0000002c   Code   RO         2352    .text               c_w.l(_printf_wchar.o)
    0x080014c0   0x080014c0   0x0000009e   Code   RO         2355    .text               c_w.l(_strtoul.o)
    0x0800155e   0x0800155e   0x00000040   Code   RO         2357    .text               c_w.l(_wcrtomb.o)
    0x0800159e   0x0800159e   0x00000020   Code   RO         2359    .text               c_w.l(strcspn.o)
    0x080015be   0x080015be   0x0000001c   Code   RO         2361    .text               c_w.l(strspn.o)
    0x080015da   0x080015da   0x0000004a   Code   RO         2363    .text               c_w.l(sys_stackheap_outer.o)
    0x08001624   0x08001624   0x00000008   Code   RO         2368    .text               c_w.l(rt_locale_intlibspace.o)
    0x0800162c   0x0800162c   0x00000080   Code   RO         2370    .text               c_w.l(_printf_fp_infnan.o)
    0x080016ac   0x080016ac   0x0000001c   Code   RO         2372    .text               c_w.l(_chval.o)
    0x080016c8   0x080016c8   0x000000e4   Code   RO         2374    .text               c_w.l(bigflt0.o)
    0x080017ac   0x080017ac   0x00000012   Code   RO         2405    .text               c_w.l(exit.o)
    0x080017be   0x080017be   0x00000002   PAD
    0x080017c0   0x080017c0   0x0000000c   Code   RO         2474    .text               c_w.l(sys_exit.o)
    0x080017cc   0x080017cc   0x00000002   Code   RO         2493    .text               c_w.l(use_no_semi.o)
    0x080017ce   0x080017ce   0x00000000   Code   RO         2495    .text               c_w.l(indicate_semi.o)
    0x080017ce   0x080017ce   0x0000003e   Code   RO         2377    CL$$btod_d2e        c_w.l(btod.o)
    0x0800180c   0x0800180c   0x00000046   Code   RO         2379    CL$$btod_d2e_denorm_low  c_w.l(btod.o)
    0x08001852   0x08001852   0x00000060   Code   RO         2378    CL$$btod_d2e_norm_op1  c_w.l(btod.o)
    0x080018b2   0x080018b2   0x00000338   Code   RO         2387    CL$$btod_div_common  c_w.l(btod.o)
    0x08001bea   0x08001bea   0x000000dc   Code   RO         2384    CL$$btod_e2e        c_w.l(btod.o)
    0x08001cc6   0x08001cc6   0x0000002a   Code   RO         2381    CL$$btod_ediv       c_w.l(btod.o)
    0x08001cf0   0x08001cf0   0x0000002a   Code   RO         2380    CL$$btod_emul       c_w.l(btod.o)
    0x08001d1a   0x08001d1a   0x00000244   Code   RO         2386    CL$$btod_mult_common  c_w.l(btod.o)
    0x08001f5e   0x08001f5e   0x00000002   PAD
    0x08001f60   0x08001f60   0x00000024   Code   RO         2102    i.BME_getTemperature  bme.o
    0x08001f84   0x08001f84   0x00000002   Code   RO          191    i.BusFault_Handler  stm32f4xx_it.o
    0x08001f86   0x08001f86   0x00000002   Code   RO          192    i.DebugMon_Handler  stm32f4xx_it.o
    0x08001f88   0x08001f88   0x00000092   Code   RO         1224    i.HAL_DMA_Abort     stm32f4xx_hal_dma.o
    0x0800201a   0x0800201a   0x00000024   Code   RO         1225    i.HAL_DMA_Abort_IT  stm32f4xx_hal_dma.o
    0x0800203e   0x0800203e   0x00000002   PAD
    0x08002040   0x08002040   0x000001e0   Code   RO         1117    i.HAL_GPIO_Init     stm32f4xx_hal_gpio.o
    0x08002220   0x08002220   0x0000000a   Code   RO         1121    i.HAL_GPIO_WritePin  stm32f4xx_hal_gpio.o
    0x0800222a   0x0800222a   0x00000002   PAD
    0x0800222c   0x0800222c   0x0000000c   Code   RO         1673    i.HAL_GetTick       stm32f4xx_hal.o
    0x08002238   0x08002238   0x00000010   Code   RO         1679    i.HAL_IncTick       stm32f4xx_hal.o
    0x08002248   0x08002248   0x00000034   Code   RO         1680    i.HAL_Init          stm32f4xx_hal.o
    0x0800227c   0x0800227c   0x00000040   Code   RO         1681    i.HAL_InitTick      stm32f4xx_hal.o
    0x080022bc   0x080022bc   0x00000040   Code   RO          279    i.HAL_MspInit       stm32f4xx_hal_msp.o
    0x080022fc   0x080022fc   0x0000001a   Code   RO         1530    i.HAL_NVIC_EnableIRQ  stm32f4xx_hal_cortex.o
    0x08002316   0x08002316   0x00000002   PAD
    0x08002318   0x08002318   0x00000040   Code   RO         1536    i.HAL_NVIC_SetPriority  stm32f4xx_hal_cortex.o
    0x08002358   0x08002358   0x00000024   Code   RO         1537    i.HAL_NVIC_SetPriorityGrouping  stm32f4xx_hal_cortex.o
    0x0800237c   0x0800237c   0x00000134   Code   RO          709    i.HAL_RCC_ClockConfig  stm32f4xx_hal_rcc.o
    0x080024b0   0x080024b0   0x00000020   Code   RO          716    i.HAL_RCC_GetPCLK1Freq  stm32f4xx_hal_rcc.o
    0x080024d0   0x080024d0   0x00000020   Code   RO          717    i.HAL_RCC_GetPCLK2Freq  stm32f4xx_hal_rcc.o
    0x080024f0   0x080024f0   0x00000060   Code   RO          718    i.HAL_RCC_GetSysClockFreq  stm32f4xx_hal_rcc.o
    0x08002550   0x08002550   0x0000036c   Code   RO          721    i.HAL_RCC_OscConfig  stm32f4xx_hal_rcc.o
    0x080028bc   0x080028bc   0x00000028   Code   RO         1541    i.HAL_SYSTICK_Config  stm32f4xx_hal_cortex.o
    0x080028e4   0x080028e4   0x00000002   Code   RO          362    i.HAL_UARTEx_RxEventCallback  stm32f4xx_hal_uart.o
    0x080028e6   0x080028e6   0x00000002   Code   RO          376    i.HAL_UART_ErrorCallback  stm32f4xx_hal_uart.o
    0x080028e8   0x080028e8   0x00000268   Code   RO          379    i.HAL_UART_IRQHandler  stm32f4xx_hal_uart.o
    0x08002b50   0x08002b50   0x00000062   Code   RO          380    i.HAL_UART_Init     stm32f4xx_hal_uart.o
    0x08002bb2   0x08002bb2   0x00000002   PAD
    0x08002bb4   0x08002bb4   0x00000078   Code   RO          281    i.HAL_UART_MspInit  stm32f4xx_hal_msp.o
    0x08002c2c   0x08002c2c   0x0000002a   Code   RO          385    i.HAL_UART_Receive_IT  stm32f4xx_hal_uart.o
    0x08002c56   0x08002c56   0x00000002   PAD
    0x08002c58   0x08002c58   0x0000002c   Code   RO           14    i.HAL_UART_RxCpltCallback  main.o
    0x08002c84   0x08002c84   0x000000b2   Code   RO          388    i.HAL_UART_Transmit  stm32f4xx_hal_uart.o
    0x08002d36   0x08002d36   0x00000002   Code   RO          391    i.HAL_UART_TxCpltCallback  stm32f4xx_hal_uart.o
    0x08002d38   0x08002d38   0x00000002   Code   RO          193    i.HardFault_Handler  stm32f4xx_it.o
    0x08002d3a   0x08002d3a   0x00000002   PAD
    0x08002d3c   0x08002d3c   0x00000080   Code   RO           15    i.MX_GPIO_Init      main.o
    0x08002dbc   0x08002dbc   0x00000044   Code   RO           16    i.MX_USART6_UART_Init  main.o
    0x08002e00   0x08002e00   0x00000002   Code   RO          194    i.MemManage_Handler  stm32f4xx_it.o
    0x08002e02   0x08002e02   0x00000002   Code   RO          195    i.NMI_Handler       stm32f4xx_it.o
    0x08002e04   0x08002e04   0x00000002   Code   RO          196    i.PendSV_Handler    stm32f4xx_it.o
    0x08002e06   0x08002e06   0x00000002   Code   RO          197    i.RCC_IRQHandler    stm32f4xx_it.o
    0x08002e08   0x08002e08   0x00000002   Code   RO          198    i.SVC_Handler       stm32f4xx_it.o
    0x08002e0a   0x08002e0a   0x00000004   Code   RO          199    i.SysTick_Handler   stm32f4xx_it.o
    0x08002e0e   0x08002e0e   0x00000002   PAD
    0x08002e10   0x08002e10   0x00000090   Code   RO           17    i.SystemClock_Config  main.o
    0x08002ea0   0x08002ea0   0x00000010   Code   RO         1919    i.SystemInit        system_stm32f4xx.o
    0x08002eb0   0x08002eb0   0x00000010   Code   RO          393    i.UART_DMAAbortOnError  stm32f4xx_hal_uart.o
    0x08002ec0   0x08002ec0   0x0000004e   Code   RO          403    i.UART_EndRxTransfer  stm32f4xx_hal_uart.o
    0x08002f0e   0x08002f0e   0x000000c0   Code   RO          405    i.UART_Receive_IT   stm32f4xx_hal_uart.o
    0x08002fce   0x08002fce   0x00000002   PAD
    0x08002fd0   0x08002fd0   0x0000010c   Code   RO          406    i.UART_SetConfig    stm32f4xx_hal_uart.o
    0x080030dc   0x080030dc   0x0000003a   Code   RO          408    i.UART_Start_Receive_IT  stm32f4xx_hal_uart.o
    0x08003116   0x08003116   0x00000078   Code   RO          409    i.UART_WaitOnFlagUntilTimeout  stm32f4xx_hal_uart.o
    0x0800318e   0x0800318e   0x00000002   PAD
    0x08003190   0x08003190   0x0000000c   Code   RO          200    i.USART6_IRQHandler  stm32f4xx_it.o
    0x0800319c   0x0800319c   0x00000002   Code   RO          201    i.UsageFault_Handler  stm32f4xx_it.o
    0x0800319e   0x0800319e   0x00000030   Code   RO         2419    i.__ARM_fpclassify  m_wm.l(fpclassify.o)
    0x080031ce   0x080031ce   0x00000020   Code   RO         1543    i.__NVIC_SetPriority  stm32f4xx_hal_cortex.o
    0x080031ee   0x080031ee   0x0000000e   Code   RO         2267    i._is_digit         c_w.l(__printf_wp.o)
    0x080031fc   0x080031fc   0x00000064   Code   RO         2117    i.cli_command_excute  cli_command.o
    0x08003260   0x08003260   0x00000070   Code   RO         2035    i.getTemperature    get_temperature_ci.o
    0x080032d0   0x080032d0   0x0000007c   Code   RO           18    i.main              main.o
    0x0800334c   0x0800334c   0x00000024   Code   RO         1956    i.receive_data      uart.o
    0x08003370   0x08003370   0x00000054   Code   RO         2066    i.response_init     response_ci.o
    0x080033c4   0x080033c4   0x0000002c   Code   RO         2067    i.response_print    response_ci.o
    0x080033f0   0x080033f0   0x00000002   Code   RO         2005    i.setTemperatureMax  set_temperature_ci.o
    0x080033f2   0x080033f2   0x00000002   PAD
    0x080033f4   0x080033f4   0x00000024   Code   RO         1957    i.uart_handle       uart.o
    0x08003418   0x08003418   0x0000002c   Code   RO         2400    locale$$code        c_w.l(lc_ctype_c.o)
    0x08003444   0x08003444   0x0000002c   Code   RO         2403    locale$$code        c_w.l(lc_numeric_c.o)
    0x08003470   0x08003470   0x0000000c   Code   RO         2304    x$fpl$dretinf       fz_wm.l(dretinf.o)
    0x0800347c   0x0800347c   0x00000056   Code   RO         2197    x$fpl$f2d           fz_wm.l(f2d.o)
    0x080034d2   0x080034d2   0x0000008c   Code   RO         2306    x$fpl$fnaninf       fz_wm.l(fnaninf.o)
    0x0800355e   0x0800355e   0x0000000a   Code   RO         2489    x$fpl$fpinit        fz_wm.l(fpinit.o)
    0x08003568   0x08003568   0x00000004   Code   RO         2308    x$fpl$printf1       fz_wm.l(printf1.o)
    0x0800356c   0x0800356c   0x00000004   Code   RO         2310    x$fpl$printf2       fz_wm.l(printf2.o)
    0x08003570   0x08003570   0x00000000   Code   RO         2316    x$fpl$usenofp       fz_wm.l(usenofp.o)
    0x08003570   0x08003570   0x00000010   Data   RO         1920    .constdata          system_stm32f4xx.o
    0x08003580   0x08003580   0x00000008   Data   RO         1921    .constdata          system_stm32f4xx.o
    0x08003588   0x08003588   0x00000008   Data   RO         2226    .constdata          c_w.l(_printf_wctomb.o)
    0x08003590   0x08003590   0x00000028   Data   RO         2255    .constdata          c_w.l(_printf_hex_int_ll_ptr.o)
    0x080035b8   0x080035b8   0x00000011   Data   RO         2275    .constdata          c_w.l(__printf_flags_ss_wp.o)
    0x080035c9   0x080035c9   0x00000026   Data   RO         2346    .constdata          c_w.l(_printf_fp_hex.o)
    0x080035ef   0x080035ef   0x00000001   PAD
    0x080035f0   0x080035f0   0x00000094   Data   RO         2375    .constdata          c_w.l(bigflt0.o)
    0x08003684   0x08003684   0x00000096   Data   RO         2036    .conststring        get_temperature_ci.o
    0x0800371a   0x0800371a   0x00000002   PAD
    0x0800371c   0x0800371c   0x00000020   Data   RO         2151    .conststring        cli_command_table.o
    0x0800373c   0x0800373c   0x00000026   Data   RO         2152    .conststring        cli_command_table.o
    0x08003762   0x08003762   0x00000002   PAD
    0x08003764   0x08003764   0x0000001a   Data   RO         2153    .conststring        cli_command_table.o
    0x0800377e   0x0800377e   0x00000002   PAD
    0x08003780   0x08003780   0x00000020   Data   RO         2545    Region$$Table       anon$$obj.o
    0x080037a0   0x080037a0   0x00000110   Data   RO         2399    locale$$data        c_w.l(lc_ctype_c.o)
    0x080038b0   0x080038b0   0x0000001c   Data   RO         2402    locale$$data        c_w.l(lc_numeric_c.o)


    Execution Region RW_IRAM1 (Exec base: 0x20000000, Load base: 0x080038cc, Size: 0x00000798, Max: 0x00020000, ABSOLUTE)

    Exec Addr    Load Addr    Size         Type   Attr      Idx    E Section Name        Object

    0x20000000   0x080038cc   0x00000001   Data   RW           20    .data               main.o
    0x20000001   0x080038cd   0x00000003   PAD
    0x20000004   0x080038d0   0x0000000c   Data   RW         1687    .data               stm32f4xx_hal.o
    0x20000010   0x080038dc   0x00000004   Data   RW         1922    .data               system_stm32f4xx.o
    0x20000014   0x080038e0   0x00000002   Data   RW         1960    .data               uart.o
    0x20000016   0x080038e2   0x00000002   PAD
    0x20000018   0x080038e4   0x00000004   Data   RW         2118    .data               cli_command.o
    0x2000001c   0x080038e8   0x00000008   Data   RW         2154    .data               cli_command_table.o
    0x20000024   0x080038f0   0x00000008   Data   RW         2155    .data               cli_command_table.o
    0x2000002c   0x080038f8   0x00000018   Data   RW         2156    .data               cli_command_table.o
    0x20000044   0x08003910   0x00000004   Data   RW         2183    .data               c_w.l(strtok.o)
    0x20000048        -       0x00000044   Zero   RW           19    .bss                main.o
    0x2000008c        -       0x00000064   Zero   RW         1959    .bss                uart.o
    0x200000f0        -       0x00000044   Zero   RW         2068    .bss                response_ci.o
    0x20000134        -       0x00000060   Zero   RW         2318    .bss                c_w.l(libspace.o)
    0x20000194   0x08003914   0x00000004   PAD
    0x20000198        -       0x00000200   Zero   RW            2    HEAP                startup_stm32f411xe.o
    0x20000398        -       0x00000400   Zero   RW            1    STACK               startup_stm32f411xe.o


==============================================================================

Image component sizes


      Code (inc. data)   RO Data    RW Data    ZI Data      Debug   Object Name

        36         10          0          0          0        661   bme.o
       100         14          0          4          0       1661   cli_command.o
         0          0         96         40          0        755   cli_command_table.o
       112         48        150          0          0        729   get_temperature_ci.o
       508         48          0          1         68     391283   main.o
       128          8          0          0         68       2045   response_ci.o
         2          0          0          0          0        560   set_temperature_ci.o
        64         26        408          0       1536        896   startup_stm32f411xe.o
       144         24          0         12          0       9005   stm32f4xx_hal.o
       198         14          0          0          0      34271   stm32f4xx_hal_cortex.o
       182          0          0          0          0       2259   stm32f4xx_hal_dma.o
       490         34          0          0          0       2332   stm32f4xx_hal_gpio.o
       184         16          0          0          0       1773   stm32f4xx_hal_msp.o
      1344         72          0          0          0       5564   stm32f4xx_hal_rcc.o
      1672         16          0          0          0      12144   stm32f4xx_hal_uart.o
        34          6          0          0          0       5695   stm32f4xx_it.o
        16          4         24          4          0       1291   system_stm32f4xx.o
        72         18          0          2        100       1701   uart.o

    ----------------------------------------------------------------------
      5306        358        716         68       1772     474625   Object Totals
         0          0         32          0          0          0   (incl. Generated)
        20          0          6          5          0          0   (incl. Padding)

    ----------------------------------------------------------------------

      Code (inc. data)   RO Data    RW Data    ZI Data      Debug   Library Member Name

         8          0          0          0          0         68   __main.o
       392          4         17          0          0         92   __printf_flags_ss_wp.o
        14          0          0          0          0         68   __printf_wp.o
         0          0          0          0          0          0   __rtentry.o
        12          0          0          0          0          0   __rtentry2.o
         6          0          0          0          0          0   __rtentry4.o
        52          8          0          0          0          0   __scatter.o
        26          0          0          0          0          0   __scatter_copy.o
        28          0          0          0          0          0   __scatter_zi.o
        28          0          0          0          0         68   _chval.o
         6          0          0          0          0          0   _printf_a.o
         6          0          0          0          0          0   _printf_c.o
        44          0          0          0          0        108   _printf_char.o
        48          6          0          0          0         96   _printf_char_common.o
        40          0          0          0          0         68   _printf_charcount.o
         6          0          0          0          0          0   _printf_d.o
       120         16          0          0          0         92   _printf_dec.o
         6          0          0          0          0          0   _printf_e.o
         6          0          0          0          0          0   _printf_f.o
      1054          0          0          0          0        216   _printf_fp_dec.o
       764          8         38          0          0        100   _printf_fp_hex.o
       128         16          0          0          0         84   _printf_fp_infnan.o
         6          0          0          0          0          0   _printf_g.o
       148          4         40          0          0        160   _printf_hex_int_ll_ptr.o
         6          0          0          0          0          0   _printf_i.o
       178          0          0          0          0         88   _printf_intcommon.o
        10          0          0          0          0          0   _printf_l.o
         6          0          0          0          0          0   _printf_lc.o
        10          0          0          0          0          0   _printf_ll.o
         6          0          0          0          0          0   _printf_lld.o
         6          0          0          0          0          0   _printf_lli.o
         6          0          0          0          0          0   _printf_llo.o
         6          0          0          0          0          0   _printf_llu.o
         6          0          0          0          0          0   _printf_llx.o
       124         16          0          0          0         92   _printf_longlong_dec.o
         6          0          0          0          0          0   _printf_ls.o
         6          0          0          0          0          0   _printf_n.o
         6          0          0          0          0          0   _printf_o.o
       112         10          0          0          0        124   _printf_oct_int_ll.o
         6          0          0          0          0          0   _printf_p.o
        78          0          0          0          0        108   _printf_pad.o
         0          0          0          0          0          0   _printf_percent.o
         4          0          0          0          0          0   _printf_percent_end.o
         6          0          0          0          0          0   _printf_s.o
        82          0          0          0          0         80   _printf_str.o
        36          0          0          0          0         84   _printf_truncate.o
         6          0          0          0          0          0   _printf_u.o
        44          0          0          0          0        108   _printf_wchar.o
       188          6          8          0          0         92   _printf_wctomb.o
         6          0          0          0          0          0   _printf_x.o
        10          0          0          0          0         68   _sputc.o
       158          0          0          0          0         92   _strtoul.o
        64          0          0          0          0         92   _wcrtomb.o
        26          0          0          0          0         80   atoi.o
       228          4        148          0          0         96   bigflt0.o
      1936        128          0          0          0        672   btod.o
        18          0          0          0          0         80   exit.o
         6          0          0          0          0        152   heapauxi.o
         0          0          0          0          0          0   indicate_semi.o
        44         10        272          0          0         76   lc_ctype_c.o
        44         10         28          0          0         76   lc_numeric_c.o
         2          0          0          0          0          0   libinit.o
        34          0          0          0          0          0   libinit2.o
         2          0          0          0          0          0   libshutdown.o
         2          0          0          0          0          0   libshutdown2.o
         8          4          0          0         96         68   libspace.o
       138          0          0          0          0         80   lludiv10.o
       238          0          0          0          0        100   lludivv7m.o
        16          4          0          0          0         76   rt_ctype_table.o
         8          4          0          0          0         68   rt_errno_addr_intlibspace.o
         8          4          0          0          0         68   rt_locale_intlibspace.o
        78          0          0          0          0         80   rt_memclr_w.o
       100          0          0          0          0         80   rt_memcpy_w.o
         2          0          0          0          0          0   rtexit.o
        10          0          0          0          0          0   rtexit2.o
       128          0          0          0          0         68   strcmpv7m.o
        32          0          0          0          0         80   strcspn.o
        62          0          0          0          0         76   strlen.o
        28          0          0          0          0         80   strspn.o
        12          6          0          4          0         68   strtok.o
        68          4          0          0          0         84   strtok_int.o
       112          0          0          0          0         88   strtol.o
        12          4          0          0          0         68   sys_exit.o
        74          0          0          0          0         80   sys_stackheap_outer.o
         2          0          0          0          0         68   use_no_semi.o
        36          4          0          0          0         76   vsprintf.o
        12          0          0          0          0        116   dretinf.o
        86          4          0          0          0        132   f2d.o
       140          4          0          0          0        132   fnaninf.o
        10          0          0          0          0        116   fpinit.o
         4          0          0          0          0        116   printf1.o
         4          0          0          0          0        116   printf2.o
         0          0          0          0          0          0   usenofp.o
        48          0          0          0          0        124   fpclassify.o

    ----------------------------------------------------------------------
      7966        288        552          4        100       5788   Library Totals
        18          0          1          0          4          0   (incl. Padding)

    ----------------------------------------------------------------------

      Code (inc. data)   RO Data    RW Data    ZI Data      Debug   Library Name

      7644        280        551          4         96       4936   c_w.l
       256          8          0          0          0        728   fz_wm.l
        48          0          0          0          0        124   m_wm.l

    ----------------------------------------------------------------------
      7966        288        552          4        100       5788   Library Totals

    ----------------------------------------------------------------------

==============================================================================


      Code (inc. data)   RO Data    RW Data    ZI Data      Debug   

     13272        646       1268         72       1872     471957   Grand Totals
     13272        646       1268         72       1872     471957   ELF Image Totals
     13272        646       1268         72          0          0   ROM Totals

==============================================================================

    Total RO  Size (Code + RO Data)                14540 (  14.20kB)
    Total RW  Size (RW Data + ZI Data)              1944 (   1.90kB)
    Total ROM Size (Code + RO Data + RW Data)      14612 (  14.27kB)

==============================================================================

